Feb 10 08:51:25 ubuntu rsyslogd: [origin software="rsyslogd" swVersion="8.16.0" x-pid="893" x-info="http://www.rsyslog.com"] start
Feb 10 08:51:25 ubuntu rsyslogd-2222: command 'KLogPermitNonKernelFacility' is currently not permitted - did you already set it via a RainerScript command (v6+ config)? [v8.16.0 try http://www.rsyslog.com/e/2222 ]
Feb 10 08:51:25 ubuntu rsyslogd: rsyslogd's groupid changed to 108
Feb 10 08:51:25 ubuntu rsyslogd: rsyslogd's userid changed to 104
Feb 10 08:51:25 ubuntu rsyslogd-2039: Could not open output pipe '/dev/xconsole':: No such file or directory [v8.16.0 try http://www.rsyslog.com/e/2039 ]
Feb 10 08:51:25 ubuntu rsyslogd-2007: action 'action 10' suspended, next retry is Sun Feb 10 08:51:55 2019 [v8.16.0 try http://www.rsyslog.com/e/2007 ]
Feb 10 08:51:25 ubuntu kernel: [    0.000000] Linux version 4.15.0-29-generic (buildd@lcy01-amd64-024) (gcc version 5.4.0 20160609 (Ubuntu 5.4.0-6ubuntu1~16.04.10)) #31~16.04.1-Ubuntu SMP Wed Jul 18 08:54:04 UTC 2018 (Ubuntu 4.15.0-29.31~16.04.1-generic 4.15.18)
Feb 10 08:51:25 ubuntu kernel: [    0.000000] Command line: BOOT_IMAGE=/boot/vmlinuz-4.15.0-29-generic root=UUID=808b3956-845c-4a0a-bed2-3e23a31267a3 ro find_preseed=/preseed.cfg auto noprompt priority=critical locale=en_US quiet
Feb 10 08:51:25 ubuntu kernel: [    0.000000] KERNEL supported cpus:
Feb 10 08:51:25 ubuntu kernel: [    0.000000]   Intel GenuineIntel
Feb 10 08:51:25 ubuntu kernel: [    0.000000]   AMD AuthenticAMD
Feb 10 08:51:25 ubuntu kernel: [    0.000000]   Centaur CentaurHauls
Feb 10 08:51:25 ubuntu kernel: [    0.000000] Disabled fast string operations
Feb 10 08:51:25 ubuntu kernel: [    0.000000] x86/fpu: Supporting XSAVE feature 0x001: 'x87 floating point registers'
Feb 10 08:51:25 ubuntu kernel: [    0.000000] x86/fpu: Supporting XSAVE feature 0x002: 'SSE registers'
Feb 10 08:51:25 ubuntu kernel: [    0.000000] x86/fpu: Supporting XSAVE feature 0x004: 'AVX registers'
Feb 10 08:51:25 ubuntu kernel: [    0.000000] x86/fpu: xstate_offset[2]:  576, xstate_sizes[2]:  256
Feb 10 08:51:25 ubuntu kernel: [    0.000000] x86/fpu: Enabled xstate features 0x7, context size is 832 bytes, using 'standard' format.
Feb 10 08:51:25 ubuntu kernel: [    0.000000] e820: BIOS-provided physical RAM map:
Feb 10 08:51:25 ubuntu kernel: [    0.000000] BIOS-e820: [mem 0x0000000000000000-0x000000000009e7ff] usable
Feb 10 08:51:25 ubuntu kernel: [    0.000000] BIOS-e820: [mem 0x000000000009e800-0x000000000009ffff] reserved
Feb 10 08:51:25 ubuntu kernel: [    0.000000] BIOS-e820: [mem 0x00000000000dc000-0x00000000000fffff] reserved
Feb 10 08:51:25 ubuntu kernel: [    0.000000] BIOS-e820: [mem 0x0000000000100000-0x00000000bfecffff] usable
Feb 10 08:51:25 ubuntu kernel: [    0.000000] BIOS-e820: [mem 0x00000000bfed0000-0x00000000bfefefff] ACPI data
Feb 10 08:51:25 ubuntu kernel: [    0.000000] BIOS-e820: [mem 0x00000000bfeff000-0x00000000bfefffff] ACPI NVS
Feb 10 08:51:25 ubuntu kernel: [    0.000000] BIOS-e820: [mem 0x00000000bff00000-0x00000000bfffffff] usable
Feb 10 08:51:25 ubuntu kernel: [    0.000000] BIOS-e820: [mem 0x00000000f0000000-0x00000000f7ffffff] reserved
Feb 10 08:51:25 ubuntu kernel: [    0.000000] BIOS-e820: [mem 0x00000000fec00000-0x00000000fec0ffff] reserved
Feb 10 08:51:25 ubuntu kernel: [    0.000000] BIOS-e820: [mem 0x00000000fee00000-0x00000000fee00fff] reserved
Feb 10 08:51:25 ubuntu kernel: [    0.000000] BIOS-e820: [mem 0x00000000fffe0000-0x00000000ffffffff] reserved
Feb 10 08:51:25 ubuntu kernel: [    0.000000] BIOS-e820: [mem 0x0000000100000000-0x000000013fffffff] usable
Feb 10 08:51:25 ubuntu kernel: [    0.000000] NX (Execute Disable) protection: active
Feb 10 08:51:25 ubuntu kernel: [    0.000000] SMBIOS 2.7 present.
Feb 10 08:51:25 ubuntu kernel: [    0.000000] DMI: VMware, Inc. VMware Virtual Platform/440BX Desktop Reference Platform, BIOS 6.00 07/02/2015
Feb 10 08:51:25 ubuntu kernel: [    0.000000] Hypervisor detected: VMware
Feb 10 08:51:25 ubuntu kernel: [    0.000000] vmware: TSC freq read from hypervisor : 2712.000 MHz
Feb 10 08:51:25 ubuntu kernel: [    0.000000] vmware: Host bus clock speed read from hypervisor : 66000000 Hz
Feb 10 08:51:25 ubuntu kernel: [    0.000000] vmware: using sched offset of 6172958022 ns
Feb 10 08:51:25 ubuntu kernel: [    0.000000] e820: update [mem 0x00000000-0x00000fff] usable ==> reserved
Feb 10 08:51:25 ubuntu kernel: [    0.000000] e820: remove [mem 0x000a0000-0x000fffff] usable
Feb 10 08:51:25 ubuntu kernel: [    0.000000] e820: last_pfn = 0x140000 max_arch_pfn = 0x400000000
Feb 10 08:51:25 ubuntu kernel: [    0.000000] MTRR default type: uncachable
Feb 10 08:51:25 ubuntu kernel: [    0.000000] MTRR fixed ranges enabled:
Feb 10 08:51:25 ubuntu kernel: [    0.000000]   00000-9FFFF write-back
Feb 10 08:51:25 ubuntu kernel: [    0.000000]   A0000-BFFFF uncachable
Feb 10 08:51:25 ubuntu kernel: [    0.000000]   C0000-CFFFF write-protect
Feb 10 08:51:25 ubuntu kernel: [    0.000000]   D0000-EFFFF uncachable
Feb 10 08:51:25 ubuntu kernel: [    0.000000]   F0000-FFFFF write-protect
Feb 10 08:51:25 ubuntu kernel: [    0.000000] MTRR variable ranges enabled:
Feb 10 08:51:25 ubuntu kernel: [    0.000000]   0 base 000C0000000 mask 3FFC0000000 uncachable
Feb 10 08:51:25 ubuntu kernel: [    0.000000]   1 base 00000000000 mask 3E000000000 write-back
Feb 10 08:51:25 ubuntu kernel: [    0.000000]   2 disabled
Feb 10 08:51:25 ubuntu kernel: [    0.000000]   3 disabled
Feb 10 08:51:25 ubuntu kernel: [    0.000000]   4 disabled
Feb 10 08:51:25 ubuntu kernel: [    0.000000]   5 disabled
Feb 10 08:51:25 ubuntu kernel: [    0.000000]   6 disabled
Feb 10 08:51:25 ubuntu kernel: [    0.000000]   7 disabled
Feb 10 08:51:25 ubuntu kernel: [    0.000000] x86/PAT: Configuration [0-7]: WB  WC  UC- UC  WB  WP  UC- WT  
Feb 10 08:51:25 ubuntu kernel: [    0.000000] total RAM covered: 130048M
Feb 10 08:51:25 ubuntu kernel: [    0.000000] Found optimal setting for mtrr clean up
Feb 10 08:51:25 ubuntu kernel: [    0.000000]  gran_size: 64K 	chunk_size: 64K 	num_reg: 7  	lose cover RAM: 0G
Feb 10 08:51:25 ubuntu kernel: [    0.000000] e820: update [mem 0xc0000000-0xffffffff] usable ==> reserved
Feb 10 08:51:25 ubuntu kernel: [    0.000000] e820: last_pfn = 0xc0000 max_arch_pfn = 0x400000000
Feb 10 08:51:25 ubuntu kernel: [    0.000000] found SMP MP-table at [mem 0x000f6a80-0x000f6a8f] mapped at [        (ptrval)]
Feb 10 08:51:25 ubuntu kernel: [    0.000000] Scanning 1 areas for low memory corruption
Feb 10 08:51:25 ubuntu kernel: [    0.000000] Base memory trampoline at [        (ptrval)] 98000 size 24576
Feb 10 08:51:25 ubuntu kernel: [    0.000000] Using GB pages for direct mapping
Feb 10 08:51:25 ubuntu kernel: [    0.000000] BRK [0x10273e000, 0x10273efff] PGTABLE
Feb 10 08:51:25 ubuntu kernel: [    0.000000] BRK [0x10273f000, 0x10273ffff] PGTABLE
Feb 10 08:51:25 ubuntu kernel: [    0.000000] BRK [0x102740000, 0x102740fff] PGTABLE
Feb 10 08:51:25 ubuntu kernel: [    0.000000] BRK [0x102741000, 0x102741fff] PGTABLE
Feb 10 08:51:25 ubuntu kernel: [    0.000000] BRK [0x102742000, 0x102742fff] PGTABLE
Feb 10 08:51:25 ubuntu kernel: [    0.000000] BRK [0x102743000, 0x102743fff] PGTABLE
Feb 10 08:51:25 ubuntu kernel: [    0.000000] RAMDISK: [mem 0x31828000-0x34c0bfff]
Feb 10 08:51:25 ubuntu kernel: [    0.000000] ACPI: Early table checksum verification disabled
Feb 10 08:51:25 ubuntu kernel: [    0.000000] ACPI: RSDP 0x00000000000F6A10 000024 (v02 PTLTD )
Feb 10 08:51:25 ubuntu kernel: [    0.000000] ACPI: XSDT 0x00000000BFEDD633 00005C (v01 INTEL  440BX    06040000 VMW  01324272)
Feb 10 08:51:25 ubuntu kernel: [    0.000000] ACPI: FACP 0x00000000BFEFEE73 0000F4 (v04 INTEL  440BX    06040000 PTL  000F4240)
Feb 10 08:51:25 ubuntu kernel: [    0.000000] ACPI: DSDT 0x00000000BFEDF3DC 01FA97 (v01 PTLTD  Custom   06040000 MSFT 03000001)
Feb 10 08:51:25 ubuntu kernel: [    0.000000] ACPI: FACS 0x00000000BFEFFFC0 000040
Feb 10 08:51:25 ubuntu kernel: [    0.000000] ACPI: FACS 0x00000000BFEFFFC0 000040
Feb 10 08:51:25 ubuntu kernel: [    0.000000] ACPI: BOOT 0x00000000BFEDF3B4 000028 (v01 PTLTD  $SBFTBL$ 06040000  LTP 00000001)
Feb 10 08:51:25 ubuntu kernel: [    0.000000] ACPI: APIC 0x00000000BFEDE8BD 000742 (v01 PTLTD  ? APIC   06040000  LTP 00000000)
Feb 10 08:51:25 ubuntu kernel: [    0.000000] ACPI: MCFG 0x00000000BFEDE881 00003C (v01 PTLTD  $PCITBL$ 06040000  LTP 00000001)
Feb 10 08:51:25 ubuntu kernel: [    0.000000] ACPI: SRAT 0x00000000BFEDD72F 0008D0 (v02 VMWARE MEMPLUG  06040000 VMW  00000001)
Feb 10 08:51:25 ubuntu kernel: [    0.000000] ACPI: HPET 0x00000000BFEDD6F7 000038 (v01 VMWARE VMW HPET 06040000 VMW  00000001)
Feb 10 08:51:25 ubuntu kernel: [    0.000000] ACPI: WAET 0x00000000BFEDD6CF 000028 (v01 VMWARE VMW WAET 06040000 VMW  00000001)
Feb 10 08:51:25 ubuntu kernel: [    0.000000] ACPI: Local APIC address 0xfee00000
Feb 10 08:51:25 ubuntu kernel: [    0.000000] system APIC only can use physical flat
Feb 10 08:51:25 ubuntu kernel: [    0.000000] Setting APIC routing to physical flat.
Feb 10 08:51:25 ubuntu kernel: [    0.000000] SRAT: PXM 0 -> APIC 0x00 -> Node 0
Feb 10 08:51:25 ubuntu kernel: [    0.000000] SRAT: PXM 0 -> APIC 0x01 -> Node 0
Feb 10 08:51:25 ubuntu kernel: [    0.000000] SRAT: PXM 0 -> APIC 0x02 -> Node 0
Feb 10 08:51:25 ubuntu kernel: [    0.000000] SRAT: PXM 0 -> APIC 0x03 -> Node 0
Feb 10 08:51:25 ubuntu kernel: [    0.000000] SRAT: PXM 0 -> APIC 0x04 -> Node 0
Feb 10 08:51:25 ubuntu kernel: [    0.000000] SRAT: PXM 0 -> APIC 0x05 -> Node 0
Feb 10 08:51:25 ubuntu kernel: [    0.000000] SRAT: PXM 0 -> APIC 0x06 -> Node 0
Feb 10 08:51:25 ubuntu kernel: [    0.000000] SRAT: PXM 0 -> APIC 0x07 -> Node 0
Feb 10 08:51:25 ubuntu kernel: [    0.000000] SRAT: PXM 0 -> APIC 0x08 -> Node 0
Feb 10 08:51:25 ubuntu kernel: [    0.000000] SRAT: PXM 0 -> APIC 0x09 -> Node 0
Feb 10 08:51:25 ubuntu kernel: [    0.000000] SRAT: PXM 0 -> APIC 0x0a -> Node 0
Feb 10 08:51:25 ubuntu kernel: [    0.000000] SRAT: PXM 0 -> APIC 0x0b -> Node 0
Feb 10 08:51:25 ubuntu kernel: [    0.000000] SRAT: PXM 0 -> APIC 0x0c -> Node 0
Feb 10 08:51:25 ubuntu kernel: [    0.000000] SRAT: PXM 0 -> APIC 0x0d -> Node 0
Feb 10 08:51:25 ubuntu kernel: [    0.000000] SRAT: PXM 0 -> APIC 0x0e -> Node 0
Feb 10 08:51:25 ubuntu kernel: [    0.000000] SRAT: PXM 0 -> APIC 0x0f -> Node 0
Feb 10 08:51:25 ubuntu kernel: [    0.000000] SRAT: PXM 0 -> APIC 0x10 -> Node 0
Feb 10 08:51:25 ubuntu kernel: [    0.000000] SRAT: PXM 0 -> APIC 0x11 -> Node 0
Feb 10 08:51:25 ubuntu kernel: [    0.000000] SRAT: PXM 0 -> APIC 0x12 -> Node 0
Feb 10 08:51:25 ubuntu kernel: [    0.000000] SRAT: PXM 0 -> APIC 0x13 -> Node 0
Feb 10 08:51:25 ubuntu kernel: [    0.000000] SRAT: PXM 0 -> APIC 0x14 -> Node 0
Feb 10 08:51:25 ubuntu kernel: [    0.000000] SRAT: PXM 0 -> APIC 0x15 -> Node 0
Feb 10 08:51:25 ubuntu kernel: [    0.000000] SRAT: PXM 0 -> APIC 0x16 -> Node 0
Feb 10 08:51:25 ubuntu kernel: [    0.000000] SRAT: PXM 0 -> APIC 0x17 -> Node 0
Feb 10 08:51:25 ubuntu kernel: [    0.000000] SRAT: PXM 0 -> APIC 0x18 -> Node 0
Feb 10 08:51:25 ubuntu kernel: [    0.000000] SRAT: PXM 0 -> APIC 0x19 -> Node 0
Feb 10 08:51:25 ubuntu kernel: [    0.000000] SRAT: PXM 0 -> APIC 0x1a -> Node 0
Feb 10 08:51:25 ubuntu kernel: [    0.000000] SRAT: PXM 0 -> APIC 0x1b -> Node 0
Feb 10 08:51:25 ubuntu kernel: [    0.000000] SRAT: PXM 0 -> APIC 0x1c -> Node 0
Feb 10 08:51:25 ubuntu kernel: [    0.000000] SRAT: PXM 0 -> APIC 0x1d -> Node 0
Feb 10 08:51:25 ubuntu kernel: [    0.000000] SRAT: PXM 0 -> APIC 0x1e -> Node 0
Feb 10 08:51:25 ubuntu kernel: [    0.000000] SRAT: PXM 0 -> APIC 0x1f -> Node 0
Feb 10 08:51:25 ubuntu kernel: [    0.000000] SRAT: PXM 0 -> APIC 0x20 -> Node 0
Feb 10 08:51:25 ubuntu kernel: [    0.000000] SRAT: PXM 0 -> APIC 0x21 -> Node 0
Feb 10 08:51:25 ubuntu kernel: [    0.000000] SRAT: PXM 0 -> APIC 0x22 -> Node 0
Feb 10 08:51:25 ubuntu kernel: [    0.000000] SRAT: PXM 0 -> APIC 0x23 -> Node 0
Feb 10 08:51:25 ubuntu kernel: [    0.000000] SRAT: PXM 0 -> APIC 0x24 -> Node 0
Feb 10 08:51:25 ubuntu kernel: [    0.000000] SRAT: PXM 0 -> APIC 0x25 -> Node 0
Feb 10 08:51:25 ubuntu kernel: [    0.000000] SRAT: PXM 0 -> APIC 0x26 -> Node 0
Feb 10 08:51:25 ubuntu kernel: [    0.000000] SRAT: PXM 0 -> APIC 0x27 -> Node 0
Feb 10 08:51:25 ubuntu kernel: [    0.000000] SRAT: PXM 0 -> APIC 0x28 -> Node 0
Feb 10 08:51:25 ubuntu kernel: [    0.000000] SRAT: PXM 0 -> APIC 0x29 -> Node 0
Feb 10 08:51:25 ubuntu kernel: [    0.000000] SRAT: PXM 0 -> APIC 0x2a -> Node 0
Feb 10 08:51:25 ubuntu kernel: [    0.000000] SRAT: PXM 0 -> APIC 0x2b -> Node 0
Feb 10 08:51:25 ubuntu kernel: [    0.000000] SRAT: PXM 0 -> APIC 0x2c -> Node 0
Feb 10 08:51:25 ubuntu kernel: [    0.000000] SRAT: PXM 0 -> APIC 0x2d -> Node 0
Feb 10 08:51:25 ubuntu kernel: [    0.000000] SRAT: PXM 0 -> APIC 0x2e -> Node 0
Feb 10 08:51:25 ubuntu kernel: [    0.000000] SRAT: PXM 0 -> APIC 0x2f -> Node 0
Feb 10 08:51:25 ubuntu kernel: [    0.000000] SRAT: PXM 0 -> APIC 0x30 -> Node 0
Feb 10 08:51:25 ubuntu kernel: [    0.000000] SRAT: PXM 0 -> APIC 0x31 -> Node 0
Feb 10 08:51:25 ubuntu kernel: [    0.000000] SRAT: PXM 0 -> APIC 0x32 -> Node 0
Feb 10 08:51:25 ubuntu kernel: [    0.000000] SRAT: PXM 0 -> APIC 0x33 -> Node 0
Feb 10 08:51:25 ubuntu kernel: [    0.000000] SRAT: PXM 0 -> APIC 0x34 -> Node 0
Feb 10 08:51:25 ubuntu kernel: [    0.000000] SRAT: PXM 0 -> APIC 0x35 -> Node 0
Feb 10 08:51:25 ubuntu kernel: [    0.000000] SRAT: PXM 0 -> APIC 0x36 -> Node 0
Feb 10 08:51:25 ubuntu kernel: [    0.000000] SRAT: PXM 0 -> APIC 0x37 -> Node 0
Feb 10 08:51:25 ubuntu kernel: [    0.000000] SRAT: PXM 0 -> APIC 0x38 -> Node 0
Feb 10 08:51:25 ubuntu kernel: [    0.000000] SRAT: PXM 0 -> APIC 0x39 -> Node 0
Feb 10 08:51:25 ubuntu kernel: [    0.000000] SRAT: PXM 0 -> APIC 0x3a -> Node 0
Feb 10 08:51:25 ubuntu kernel: [    0.000000] SRAT: PXM 0 -> APIC 0x3b -> Node 0
Feb 10 08:51:25 ubuntu kernel: [    0.000000] SRAT: PXM 0 -> APIC 0x3c -> Node 0
Feb 10 08:51:25 ubuntu kernel: [    0.000000] SRAT: PXM 0 -> APIC 0x3d -> Node 0
Feb 10 08:51:25 ubuntu kernel: [    0.000000] SRAT: PXM 0 -> APIC 0x3e -> Node 0
Feb 10 08:51:25 ubuntu kernel: [    0.000000] SRAT: PXM 0 -> APIC 0x3f -> Node 0
Feb 10 08:51:25 ubuntu kernel: [    0.000000] SRAT: PXM 0 -> APIC 0x40 -> Node 0
Feb 10 08:51:25 ubuntu kernel: [    0.000000] SRAT: PXM 0 -> APIC 0x41 -> Node 0
Feb 10 08:51:25 ubuntu kernel: [    0.000000] SRAT: PXM 0 -> APIC 0x42 -> Node 0
Feb 10 08:51:25 ubuntu kernel: [    0.000000] SRAT: PXM 0 -> APIC 0x43 -> Node 0
Feb 10 08:51:25 ubuntu kernel: [    0.000000] SRAT: PXM 0 -> APIC 0x44 -> Node 0
Feb 10 08:51:25 ubuntu kernel: [    0.000000] SRAT: PXM 0 -> APIC 0x45 -> Node 0
Feb 10 08:51:25 ubuntu kernel: [    0.000000] SRAT: PXM 0 -> APIC 0x46 -> Node 0
Feb 10 08:51:25 ubuntu kernel: [    0.000000] SRAT: PXM 0 -> APIC 0x47 -> Node 0
Feb 10 08:51:25 ubuntu kernel: [    0.000000] SRAT: PXM 0 -> APIC 0x48 -> Node 0
Feb 10 08:51:25 ubuntu kernel: [    0.000000] SRAT: PXM 0 -> APIC 0x49 -> Node 0
Feb 10 08:51:25 ubuntu kernel: [    0.000000] SRAT: PXM 0 -> APIC 0x4a -> Node 0
Feb 10 08:51:25 ubuntu kernel: [    0.000000] SRAT: PXM 0 -> APIC 0x4b -> Node 0
Feb 10 08:51:25 ubuntu kernel: [    0.000000] SRAT: PXM 0 -> APIC 0x4c -> Node 0
Feb 10 08:51:25 ubuntu kernel: [    0.000000] SRAT: PXM 0 -> APIC 0x4d -> Node 0
Feb 10 08:51:25 ubuntu kernel: [    0.000000] SRAT: PXM 0 -> APIC 0x4e -> Node 0
Feb 10 08:51:25 ubuntu kernel: [    0.000000] SRAT: PXM 0 -> APIC 0x4f -> Node 0
Feb 10 08:51:25 ubuntu kernel: [    0.000000] SRAT: PXM 0 -> APIC 0x50 -> Node 0
Feb 10 08:51:25 ubuntu kernel: [    0.000000] SRAT: PXM 0 -> APIC 0x51 -> Node 0
Feb 10 08:51:25 ubuntu kernel: [    0.000000] SRAT: PXM 0 -> APIC 0x52 -> Node 0
Feb 10 08:51:25 ubuntu kernel: [    0.000000] SRAT: PXM 0 -> APIC 0x53 -> Node 0
Feb 10 08:51:25 ubuntu kernel: [    0.000000] SRAT: PXM 0 -> APIC 0x54 -> Node 0
Feb 10 08:51:25 ubuntu kernel: [    0.000000] SRAT: PXM 0 -> APIC 0x55 -> Node 0
Feb 10 08:51:25 ubuntu kernel: [    0.000000] SRAT: PXM 0 -> APIC 0x56 -> Node 0
Feb 10 08:51:25 ubuntu kernel: [    0.000000] SRAT: PXM 0 -> APIC 0x57 -> Node 0
Feb 10 08:51:25 ubuntu kernel: [    0.000000] SRAT: PXM 0 -> APIC 0x58 -> Node 0
Feb 10 08:51:25 ubuntu kernel: [    0.000000] SRAT: PXM 0 -> APIC 0x59 -> Node 0
Feb 10 08:51:25 ubuntu kernel: [    0.000000] SRAT: PXM 0 -> APIC 0x5a -> Node 0
Feb 10 08:51:25 ubuntu kernel: [    0.000000] SRAT: PXM 0 -> APIC 0x5b -> Node 0
Feb 10 08:51:25 ubuntu kernel: [    0.000000] SRAT: PXM 0 -> APIC 0x5c -> Node 0
Feb 10 08:51:25 ubuntu kernel: [    0.000000] SRAT: PXM 0 -> APIC 0x5d -> Node 0
Feb 10 08:51:25 ubuntu kernel: [    0.000000] SRAT: PXM 0 -> APIC 0x5e -> Node 0
Feb 10 08:51:25 ubuntu kernel: [    0.000000] SRAT: PXM 0 -> APIC 0x5f -> Node 0
Feb 10 08:51:25 ubuntu kernel: [    0.000000] SRAT: PXM 0 -> APIC 0x60 -> Node 0
Feb 10 08:51:25 ubuntu kernel: [    0.000000] SRAT: PXM 0 -> APIC 0x61 -> Node 0
Feb 10 08:51:25 ubuntu kernel: [    0.000000] SRAT: PXM 0 -> APIC 0x62 -> Node 0
Feb 10 08:51:25 ubuntu kernel: [    0.000000] SRAT: PXM 0 -> APIC 0x63 -> Node 0
Feb 10 08:51:25 ubuntu kernel: [    0.000000] SRAT: PXM 0 -> APIC 0x64 -> Node 0
Feb 10 08:51:25 ubuntu kernel: [    0.000000] SRAT: PXM 0 -> APIC 0x65 -> Node 0
Feb 10 08:51:25 ubuntu kernel: [    0.000000] SRAT: PXM 0 -> APIC 0x66 -> Node 0
Feb 10 08:51:25 ubuntu kernel: [    0.000000] SRAT: PXM 0 -> APIC 0x67 -> Node 0
Feb 10 08:51:25 ubuntu kernel: [    0.000000] SRAT: PXM 0 -> APIC 0x68 -> Node 0
Feb 10 08:51:25 ubuntu kernel: [    0.000000] SRAT: PXM 0 -> APIC 0x69 -> Node 0
Feb 10 08:51:25 ubuntu kernel: [    0.000000] SRAT: PXM 0 -> APIC 0x6a -> Node 0
Feb 10 08:51:25 ubuntu kernel: [    0.000000] SRAT: PXM 0 -> APIC 0x6b -> Node 0
Feb 10 08:51:25 ubuntu kernel: [    0.000000] SRAT: PXM 0 -> APIC 0x6c -> Node 0
Feb 10 08:51:25 ubuntu kernel: [    0.000000] SRAT: PXM 0 -> APIC 0x6d -> Node 0
Feb 10 08:51:25 ubuntu kernel: [    0.000000] SRAT: PXM 0 -> APIC 0x6e -> Node 0
Feb 10 08:51:25 ubuntu kernel: [    0.000000] SRAT: PXM 0 -> APIC 0x6f -> Node 0
Feb 10 08:51:25 ubuntu kernel: [    0.000000] SRAT: PXM 0 -> APIC 0x70 -> Node 0
Feb 10 08:51:25 ubuntu kernel: [    0.000000] SRAT: PXM 0 -> APIC 0x71 -> Node 0
Feb 10 08:51:25 ubuntu kernel: [    0.000000] SRAT: PXM 0 -> APIC 0x72 -> Node 0
Feb 10 08:51:25 ubuntu kernel: [    0.000000] SRAT: PXM 0 -> APIC 0x73 -> Node 0
Feb 10 08:51:25 ubuntu kernel: [    0.000000] SRAT: PXM 0 -> APIC 0x74 -> Node 0
Feb 10 08:51:25 ubuntu kernel: [    0.000000] SRAT: PXM 0 -> APIC 0x75 -> Node 0
Feb 10 08:51:25 ubuntu kernel: [    0.000000] SRAT: PXM 0 -> APIC 0x76 -> Node 0
Feb 10 08:51:25 ubuntu kernel: [    0.000000] SRAT: PXM 0 -> APIC 0x77 -> Node 0
Feb 10 08:51:25 ubuntu kernel: [    0.000000] SRAT: PXM 0 -> APIC 0x78 -> Node 0
Feb 10 08:51:25 ubuntu kernel: [    0.000000] SRAT: PXM 0 -> APIC 0x79 -> Node 0
Feb 10 08:51:25 ubuntu kernel: [    0.000000] SRAT: PXM 0 -> APIC 0x7a -> Node 0
Feb 10 08:51:25 ubuntu kernel: [    0.000000] SRAT: PXM 0 -> APIC 0x7b -> Node 0
Feb 10 08:51:25 ubuntu kernel: [    0.000000] SRAT: PXM 0 -> APIC 0x7c -> Node 0
Feb 10 08:51:25 ubuntu kernel: [    0.000000] SRAT: PXM 0 -> APIC 0x7d -> Node 0
Feb 10 08:51:25 ubuntu kernel: [    0.000000] SRAT: PXM 0 -> APIC 0x7e -> Node 0
Feb 10 08:51:25 ubuntu kernel: [    0.000000] SRAT: PXM 0 -> APIC 0x7f -> Node 0
Feb 10 08:51:25 ubuntu kernel: [    0.000000] ACPI: SRAT: Node 0 PXM 0 [mem 0x00000000-0x0009ffff]
Feb 10 08:51:25 ubuntu kernel: [    0.000000] ACPI: SRAT: Node 0 PXM 0 [mem 0x00100000-0xbfffffff]
Feb 10 08:51:25 ubuntu kernel: [    0.000000] ACPI: SRAT: Node 0 PXM 0 [mem 0x100000000-0x13fffffff]
Feb 10 08:51:25 ubuntu kernel: [    0.000000] ACPI: SRAT: Node 0 PXM 0 [mem 0x140000000-0x103fffffff] hotplug
Feb 10 08:51:25 ubuntu kernel: [    0.000000] NUMA: Node 0 [mem 0x00000000-0x0009ffff] + [mem 0x00100000-0xbfffffff] -> [mem 0x00000000-0xbfffffff]
Feb 10 08:51:25 ubuntu kernel: [    0.000000] NUMA: Node 0 [mem 0x00000000-0xbfffffff] + [mem 0x100000000-0x13fffffff] -> [mem 0x00000000-0x13fffffff]
Feb 10 08:51:25 ubuntu kernel: [    0.000000] NODE_DATA(0) allocated [mem 0x13ffd5000-0x13fffffff]
Feb 10 08:51:25 ubuntu kernel: [    0.000000] Zone ranges:
Feb 10 08:51:25 ubuntu kernel: [    0.000000]   DMA      [mem 0x0000000000001000-0x0000000000ffffff]
Feb 10 08:51:25 ubuntu kernel: [    0.000000]   DMA32    [mem 0x0000000001000000-0x00000000ffffffff]
Feb 10 08:51:25 ubuntu kernel: [    0.000000]   Normal   [mem 0x0000000100000000-0x000000013fffffff]
Feb 10 08:51:25 ubuntu kernel: [    0.000000]   Device   empty
Feb 10 08:51:25 ubuntu kernel: [    0.000000] Movable zone start for each node
Feb 10 08:51:25 ubuntu kernel: [    0.000000] Early memory node ranges
Feb 10 08:51:25 ubuntu kernel: [    0.000000]   node   0: [mem 0x0000000000001000-0x000000000009dfff]
Feb 10 08:51:25 ubuntu kernel: [    0.000000]   node   0: [mem 0x0000000000100000-0x00000000bfecffff]
Feb 10 08:51:25 ubuntu kernel: [    0.000000]   node   0: [mem 0x00000000bff00000-0x00000000bfffffff]
Feb 10 08:51:25 ubuntu kernel: [    0.000000]   node   0: [mem 0x0000000100000000-0x000000013fffffff]
Feb 10 08:51:25 ubuntu kernel: [    0.000000] Initmem setup node 0 [mem 0x0000000000001000-0x000000013fffffff]
Feb 10 08:51:25 ubuntu kernel: [    0.000000] On node 0 totalpages: 1048429
Feb 10 08:51:25 ubuntu kernel: [    0.000000]   DMA zone: 64 pages used for memmap
Feb 10 08:51:25 ubuntu kernel: [    0.000000]   DMA zone: 21 pages reserved
Feb 10 08:51:25 ubuntu kernel: [    0.000000]   DMA zone: 3997 pages, LIFO batch:0
Feb 10 08:51:25 ubuntu kernel: [    0.000000]   DMA32 zone: 12224 pages used for memmap
Feb 10 08:51:25 ubuntu kernel: [    0.000000]   DMA32 zone: 782288 pages, LIFO batch:31
Feb 10 08:51:25 ubuntu kernel: [    0.000000]   Normal zone: 4096 pages used for memmap
Feb 10 08:51:25 ubuntu kernel: [    0.000000]   Normal zone: 262144 pages, LIFO batch:31
Feb 10 08:51:25 ubuntu kernel: [    0.000000] Reserved but unavailable: 99 pages
Feb 10 08:51:25 ubuntu kernel: [    0.000000] ACPI: PM-Timer IO Port: 0x1008
Feb 10 08:51:25 ubuntu kernel: [    0.000000] ACPI: Local APIC address 0xfee00000
Feb 10 08:51:25 ubuntu kernel: [    0.000000] system APIC only can use physical flat
Feb 10 08:51:25 ubuntu kernel: [    0.000000] ACPI: LAPIC_NMI (acpi_id[0x00] high edge lint[0x1])
Feb 10 08:51:25 ubuntu kernel: [    0.000000] ACPI: LAPIC_NMI (acpi_id[0x01] high edge lint[0x1])
Feb 10 08:51:25 ubuntu kernel: [    0.000000] ACPI: LAPIC_NMI (acpi_id[0x02] high edge lint[0x1])
Feb 10 08:51:25 ubuntu kernel: [    0.000000] ACPI: LAPIC_NMI (acpi_id[0x03] high edge lint[0x1])
Feb 10 08:51:25 ubuntu kernel: [    0.000000] ACPI: LAPIC_NMI (acpi_id[0x04] high edge lint[0x1])
Feb 10 08:51:25 ubuntu kernel: [    0.000000] ACPI: LAPIC_NMI (acpi_id[0x05] high edge lint[0x1])
Feb 10 08:51:25 ubuntu kernel: [    0.000000] ACPI: LAPIC_NMI (acpi_id[0x06] high edge lint[0x1])
Feb 10 08:51:25 ubuntu kernel: [    0.000000] ACPI: LAPIC_NMI (acpi_id[0x07] high edge lint[0x1])
Feb 10 08:51:25 ubuntu kernel: [    0.000000] ACPI: LAPIC_NMI (acpi_id[0x08] high edge lint[0x1])
Feb 10 08:51:25 ubuntu kernel: [    0.000000] ACPI: LAPIC_NMI (acpi_id[0x09] high edge lint[0x1])
Feb 10 08:51:25 ubuntu kernel: [    0.000000] ACPI: LAPIC_NMI (acpi_id[0x0a] high edge lint[0x1])
Feb 10 08:51:25 ubuntu kernel: [    0.000000] ACPI: LAPIC_NMI (acpi_id[0x0b] high edge lint[0x1])
Feb 10 08:51:25 ubuntu kernel: [    0.000000] ACPI: LAPIC_NMI (acpi_id[0x0c] high edge lint[0x1])
Feb 10 08:51:25 ubuntu kernel: [    0.000000] ACPI: LAPIC_NMI (acpi_id[0x0d] high edge lint[0x1])
Feb 10 08:51:25 ubuntu kernel: [    0.000000] ACPI: LAPIC_NMI (acpi_id[0x0e] high edge lint[0x1])
Feb 10 08:51:25 ubuntu kernel: [    0.000000] ACPI: LAPIC_NMI (acpi_id[0x0f] high edge lint[0x1])
Feb 10 08:51:25 ubuntu kernel: [    0.000000] ACPI: LAPIC_NMI (acpi_id[0x10] high edge lint[0x1])
Feb 10 08:51:25 ubuntu kernel: [    0.000000] ACPI: LAPIC_NMI (acpi_id[0x11] high edge lint[0x1])
Feb 10 08:51:25 ubuntu kernel: [    0.000000] ACPI: LAPIC_NMI (acpi_id[0x12] high edge lint[0x1])
Feb 10 08:51:25 ubuntu kernel: [    0.000000] ACPI: LAPIC_NMI (acpi_id[0x13] high edge lint[0x1])
Feb 10 08:51:25 ubuntu kernel: [    0.000000] ACPI: LAPIC_NMI (acpi_id[0x14] high edge lint[0x1])
Feb 10 08:51:25 ubuntu kernel: [    0.000000] ACPI: LAPIC_NMI (acpi_id[0x15] high edge lint[0x1])
Feb 10 08:51:25 ubuntu kernel: [    0.000000] ACPI: LAPIC_NMI (acpi_id[0x16] high edge lint[0x1])
Feb 10 08:51:25 ubuntu kernel: [    0.000000] ACPI: LAPIC_NMI (acpi_id[0x17] high edge lint[0x1])
Feb 10 08:51:25 ubuntu kernel: [    0.000000] ACPI: LAPIC_NMI (acpi_id[0x18] high edge lint[0x1])
Feb 10 08:51:25 ubuntu kernel: [    0.000000] ACPI: LAPIC_NMI (acpi_id[0x19] high edge lint[0x1])
Feb 10 08:51:25 ubuntu kernel: [    0.000000] ACPI: LAPIC_NMI (acpi_id[0x1a] high edge lint[0x1])
Feb 10 08:51:25 ubuntu kernel: [    0.000000] ACPI: LAPIC_NMI (acpi_id[0x1b] high edge lint[0x1])
Feb 10 08:51:25 ubuntu kernel: [    0.000000] ACPI: LAPIC_NMI (acpi_id[0x1c] high edge lint[0x1])
Feb 10 08:51:25 ubuntu kernel: [    0.000000] ACPI: LAPIC_NMI (acpi_id[0x1d] high edge lint[0x1])
Feb 10 08:51:25 ubuntu kernel: [    0.000000] ACPI: LAPIC_NMI (acpi_id[0x1e] high edge lint[0x1])
Feb 10 08:51:25 ubuntu kernel: [    0.000000] ACPI: LAPIC_NMI (acpi_id[0x1f] high edge lint[0x1])
Feb 10 08:51:25 ubuntu kernel: [    0.000000] ACPI: LAPIC_NMI (acpi_id[0x20] high edge lint[0x1])
Feb 10 08:51:25 ubuntu kernel: [    0.000000] ACPI: LAPIC_NMI (acpi_id[0x21] high edge lint[0x1])
Feb 10 08:51:25 ubuntu kernel: [    0.000000] ACPI: LAPIC_NMI (acpi_id[0x22] high edge lint[0x1])
Feb 10 08:51:25 ubuntu kernel: [    0.000000] ACPI: LAPIC_NMI (acpi_id[0x23] high edge lint[0x1])
Feb 10 08:51:25 ubuntu kernel: [    0.000000] ACPI: LAPIC_NMI (acpi_id[0x24] high edge lint[0x1])
Feb 10 08:51:25 ubuntu kernel: [    0.000000] ACPI: LAPIC_NMI (acpi_id[0x25] high edge lint[0x1])
Feb 10 08:51:25 ubuntu kernel: [    0.000000] ACPI: LAPIC_NMI (acpi_id[0x26] high edge lint[0x1])
Feb 10 08:51:25 ubuntu kernel: [    0.000000] ACPI: LAPIC_NMI (acpi_id[0x27] high edge lint[0x1])
Feb 10 08:51:25 ubuntu kernel: [    0.000000] ACPI: LAPIC_NMI (acpi_id[0x28] high edge lint[0x1])
Feb 10 08:51:25 ubuntu kernel: [    0.000000] ACPI: LAPIC_NMI (acpi_id[0x29] high edge lint[0x1])
Feb 10 08:51:25 ubuntu kernel: [    0.000000] ACPI: LAPIC_NMI (acpi_id[0x2a] high edge lint[0x1])
Feb 10 08:51:25 ubuntu kernel: [    0.000000] ACPI: LAPIC_NMI (acpi_id[0x2b] high edge lint[0x1])
Feb 10 08:51:25 ubuntu kernel: [    0.000000] ACPI: LAPIC_NMI (acpi_id[0x2c] high edge lint[0x1])
Feb 10 08:51:25 ubuntu kernel: [    0.000000] ACPI: LAPIC_NMI (acpi_id[0x2d] high edge lint[0x1])
Feb 10 08:51:25 ubuntu kernel: [    0.000000] ACPI: LAPIC_NMI (acpi_id[0x2e] high edge lint[0x1])
Feb 10 08:51:25 ubuntu kernel: [    0.000000] ACPI: LAPIC_NMI (acpi_id[0x2f] high edge lint[0x1])
Feb 10 08:51:25 ubuntu kernel: [    0.000000] ACPI: LAPIC_NMI (acpi_id[0x30] high edge lint[0x1])
Feb 10 08:51:25 ubuntu kernel: [    0.000000] ACPI: LAPIC_NMI (acpi_id[0x31] high edge lint[0x1])
Feb 10 08:51:25 ubuntu kernel: [    0.000000] ACPI: LAPIC_NMI (acpi_id[0x32] high edge lint[0x1])
Feb 10 08:51:25 ubuntu kernel: [    0.000000] ACPI: LAPIC_NMI (acpi_id[0x33] high edge lint[0x1])
Feb 10 08:51:25 ubuntu kernel: [    0.000000] ACPI: LAPIC_NMI (acpi_id[0x34] high edge lint[0x1])
Feb 10 08:51:25 ubuntu kernel: [    0.000000] ACPI: LAPIC_NMI (acpi_id[0x35] high edge lint[0x1])
Feb 10 08:51:25 ubuntu kernel: [    0.000000] ACPI: LAPIC_NMI (acpi_id[0x36] high edge lint[0x1])
Feb 10 08:51:25 ubuntu kernel: [    0.000000] ACPI: LAPIC_NMI (acpi_id[0x37] high edge lint[0x1])
Feb 10 08:51:25 ubuntu kernel: [    0.000000] ACPI: LAPIC_NMI (acpi_id[0x38] high edge lint[0x1])
Feb 10 08:51:25 ubuntu kernel: [    0.000000] ACPI: LAPIC_NMI (acpi_id[0x39] high edge lint[0x1])
Feb 10 08:51:25 ubuntu kernel: [    0.000000] ACPI: LAPIC_NMI (acpi_id[0x3a] high edge lint[0x1])
Feb 10 08:51:25 ubuntu kernel: [    0.000000] ACPI: LAPIC_NMI (acpi_id[0x3b] high edge lint[0x1])
Feb 10 08:51:25 ubuntu kernel: [    0.000000] ACPI: LAPIC_NMI (acpi_id[0x3c] high edge lint[0x1])
Feb 10 08:51:25 ubuntu kernel: [    0.000000] ACPI: LAPIC_NMI (acpi_id[0x3d] high edge lint[0x1])
Feb 10 08:51:25 ubuntu kernel: [    0.000000] ACPI: LAPIC_NMI (acpi_id[0x3e] high edge lint[0x1])
Feb 10 08:51:25 ubuntu kernel: [    0.000000] ACPI: LAPIC_NMI (acpi_id[0x3f] high edge lint[0x1])
Feb 10 08:51:25 ubuntu kernel: [    0.000000] ACPI: LAPIC_NMI (acpi_id[0x40] high edge lint[0x1])
Feb 10 08:51:25 ubuntu kernel: [    0.000000] ACPI: LAPIC_NMI (acpi_id[0x41] high edge lint[0x1])
Feb 10 08:51:25 ubuntu kernel: [    0.000000] ACPI: LAPIC_NMI (acpi_id[0x42] high edge lint[0x1])
Feb 10 08:51:25 ubuntu kernel: [    0.000000] ACPI: LAPIC_NMI (acpi_id[0x43] high edge lint[0x1])
Feb 10 08:51:25 ubuntu kernel: [    0.000000] ACPI: LAPIC_NMI (acpi_id[0x44] high edge lint[0x1])
Feb 10 08:51:25 ubuntu kernel: [    0.000000] ACPI: LAPIC_NMI (acpi_id[0x45] high edge lint[0x1])
Feb 10 08:51:25 ubuntu kernel: [    0.000000] ACPI: LAPIC_NMI (acpi_id[0x46] high edge lint[0x1])
Feb 10 08:51:25 ubuntu kernel: [    0.000000] ACPI: LAPIC_NMI (acpi_id[0x47] high edge lint[0x1])
Feb 10 08:51:25 ubuntu kernel: [    0.000000] ACPI: LAPIC_NMI (acpi_id[0x48] high edge lint[0x1])
Feb 10 08:51:25 ubuntu kernel: [    0.000000] ACPI: LAPIC_NMI (acpi_id[0x49] high edge lint[0x1])
Feb 10 08:51:25 ubuntu kernel: [    0.000000] ACPI: LAPIC_NMI (acpi_id[0x4a] high edge lint[0x1])
Feb 10 08:51:25 ubuntu kernel: [    0.000000] ACPI: LAPIC_NMI (acpi_id[0x4b] high edge lint[0x1])
Feb 10 08:51:25 ubuntu kernel: [    0.000000] ACPI: LAPIC_NMI (acpi_id[0x4c] high edge lint[0x1])
Feb 10 08:51:25 ubuntu kernel: [    0.000000] ACPI: LAPIC_NMI (acpi_id[0x4d] high edge lint[0x1])
Feb 10 08:51:25 ubuntu kernel: [    0.000000] ACPI: LAPIC_NMI (acpi_id[0x4e] high edge lint[0x1])
Feb 10 08:51:25 ubuntu kernel: [    0.000000] ACPI: LAPIC_NMI (acpi_id[0x4f] high edge lint[0x1])
Feb 10 08:51:25 ubuntu kernel: [    0.000000] ACPI: LAPIC_NMI (acpi_id[0x50] high edge lint[0x1])
Feb 10 08:51:25 ubuntu kernel: [    0.000000] ACPI: LAPIC_NMI (acpi_id[0x51] high edge lint[0x1])
Feb 10 08:51:25 ubuntu kernel: [    0.000000] ACPI: LAPIC_NMI (acpi_id[0x52] high edge lint[0x1])
Feb 10 08:51:25 ubuntu kernel: [    0.000000] ACPI: LAPIC_NMI (acpi_id[0x53] high edge lint[0x1])
Feb 10 08:51:25 ubuntu kernel: [    0.000000] ACPI: LAPIC_NMI (acpi_id[0x54] high edge lint[0x1])
Feb 10 08:51:25 ubuntu kernel: [    0.000000] ACPI: LAPIC_NMI (acpi_id[0x55] high edge lint[0x1])
Feb 10 08:51:25 ubuntu kernel: [    0.000000] ACPI: LAPIC_NMI (acpi_id[0x56] high edge lint[0x1])
Feb 10 08:51:25 ubuntu kernel: [    0.000000] ACPI: LAPIC_NMI (acpi_id[0x57] high edge lint[0x1])
Feb 10 08:51:25 ubuntu kernel: [    0.000000] ACPI: LAPIC_NMI (acpi_id[0x58] high edge lint[0x1])
Feb 10 08:51:25 ubuntu kernel: [    0.000000] ACPI: LAPIC_NMI (acpi_id[0x59] high edge lint[0x1])
Feb 10 08:51:25 ubuntu kernel: [    0.000000] ACPI: LAPIC_NMI (acpi_id[0x5a] high edge lint[0x1])
Feb 10 08:51:25 ubuntu kernel: [    0.000000] ACPI: LAPIC_NMI (acpi_id[0x5b] high edge lint[0x1])
Feb 10 08:51:25 ubuntu kernel: [    0.000000] ACPI: LAPIC_NMI (acpi_id[0x5c] high edge lint[0x1])
Feb 10 08:51:25 ubuntu kernel: [    0.000000] ACPI: LAPIC_NMI (acpi_id[0x5d] high edge lint[0x1])
Feb 10 08:51:25 ubuntu kernel: [    0.000000] ACPI: LAPIC_NMI (acpi_id[0x5e] high edge lint[0x1])
Feb 10 08:51:25 ubuntu kernel: [    0.000000] ACPI: LAPIC_NMI (acpi_id[0x5f] high edge lint[0x1])
Feb 10 08:51:25 ubuntu kernel: [    0.000000] ACPI: LAPIC_NMI (acpi_id[0x60] high edge lint[0x1])
Feb 10 08:51:25 ubuntu kernel: [    0.000000] ACPI: LAPIC_NMI (acpi_id[0x61] high edge lint[0x1])
Feb 10 08:51:25 ubuntu kernel: [    0.000000] ACPI: LAPIC_NMI (acpi_id[0x62] high edge lint[0x1])
Feb 10 08:51:25 ubuntu kernel: [    0.000000] ACPI: LAPIC_NMI (acpi_id[0x63] high edge lint[0x1])
Feb 10 08:51:25 ubuntu kernel: [    0.000000] ACPI: LAPIC_NMI (acpi_id[0x64] high edge lint[0x1])
Feb 10 08:51:25 ubuntu kernel: [    0.000000] ACPI: LAPIC_NMI (acpi_id[0x65] high edge lint[0x1])
Feb 10 08:51:25 ubuntu kernel: [    0.000000] ACPI: LAPIC_NMI (acpi_id[0x66] high edge lint[0x1])
Feb 10 08:51:25 ubuntu kernel: [    0.000000] ACPI: LAPIC_NMI (acpi_id[0x67] high edge lint[0x1])
Feb 10 08:51:25 ubuntu kernel: [    0.000000] ACPI: LAPIC_NMI (acpi_id[0x68] high edge lint[0x1])
Feb 10 08:51:25 ubuntu kernel: [    0.000000] ACPI: LAPIC_NMI (acpi_id[0x69] high edge lint[0x1])
Feb 10 08:51:25 ubuntu kernel: [    0.000000] ACPI: LAPIC_NMI (acpi_id[0x6a] high edge lint[0x1])
Feb 10 08:51:25 ubuntu kernel: [    0.000000] ACPI: LAPIC_NMI (acpi_id[0x6b] high edge lint[0x1])
Feb 10 08:51:25 ubuntu kernel: [    0.000000] ACPI: LAPIC_NMI (acpi_id[0x6c] high edge lint[0x1])
Feb 10 08:51:25 ubuntu kernel: [    0.000000] ACPI: LAPIC_NMI (acpi_id[0x6d] high edge lint[0x1])
Feb 10 08:51:25 ubuntu kernel: [    0.000000] ACPI: LAPIC_NMI (acpi_id[0x6e] high edge lint[0x1])
Feb 10 08:51:25 ubuntu kernel: [    0.000000] ACPI: LAPIC_NMI (acpi_id[0x6f] high edge lint[0x1])
Feb 10 08:51:25 ubuntu kernel: [    0.000000] ACPI: LAPIC_NMI (acpi_id[0x70] high edge lint[0x1])
Feb 10 08:51:25 ubuntu kernel: [    0.000000] ACPI: LAPIC_NMI (acpi_id[0x71] high edge lint[0x1])
Feb 10 08:51:25 ubuntu kernel: [    0.000000] ACPI: LAPIC_NMI (acpi_id[0x72] high edge lint[0x1])
Feb 10 08:51:25 ubuntu kernel: [    0.000000] ACPI: LAPIC_NMI (acpi_id[0x73] high edge lint[0x1])
Feb 10 08:51:25 ubuntu kernel: [    0.000000] ACPI: LAPIC_NMI (acpi_id[0x74] high edge lint[0x1])
Feb 10 08:51:25 ubuntu kernel: [    0.000000] ACPI: LAPIC_NMI (acpi_id[0x75] high edge lint[0x1])
Feb 10 08:51:25 ubuntu kernel: [    0.000000] ACPI: LAPIC_NMI (acpi_id[0x76] high edge lint[0x1])
Feb 10 08:51:25 ubuntu kernel: [    0.000000] ACPI: LAPIC_NMI (acpi_id[0x77] high edge lint[0x1])
Feb 10 08:51:25 ubuntu kernel: [    0.000000] ACPI: LAPIC_NMI (acpi_id[0x78] high edge lint[0x1])
Feb 10 08:51:25 ubuntu kernel: [    0.000000] ACPI: LAPIC_NMI (acpi_id[0x79] high edge lint[0x1])
Feb 10 08:51:25 ubuntu kernel: [    0.000000] ACPI: LAPIC_NMI (acpi_id[0x7a] high edge lint[0x1])
Feb 10 08:51:25 ubuntu kernel: [    0.000000] ACPI: LAPIC_NMI (acpi_id[0x7b] high edge lint[0x1])
Feb 10 08:51:25 ubuntu kernel: [    0.000000] ACPI: LAPIC_NMI (acpi_id[0x7c] high edge lint[0x1])
Feb 10 08:51:25 ubuntu kernel: [    0.000000] ACPI: LAPIC_NMI (acpi_id[0x7d] high edge lint[0x1])
Feb 10 08:51:25 ubuntu kernel: [    0.000000] ACPI: LAPIC_NMI (acpi_id[0x7e] high edge lint[0x1])
Feb 10 08:51:25 ubuntu kernel: [    0.000000] ACPI: LAPIC_NMI (acpi_id[0x7f] high edge lint[0x1])
Feb 10 08:51:25 ubuntu kernel: [    0.000000] IOAPIC[0]: apic_id 128, version 17, address 0xfec00000, GSI 0-23
Feb 10 08:51:25 ubuntu kernel: [    0.000000] ACPI: INT_SRC_OVR (bus 0 bus_irq 0 global_irq 2 high edge)
Feb 10 08:51:25 ubuntu kernel: [    0.000000] ACPI: IRQ0 used by override.
Feb 10 08:51:25 ubuntu kernel: [    0.000000] ACPI: IRQ9 used by override.
Feb 10 08:51:25 ubuntu kernel: [    0.000000] Using ACPI (MADT) for SMP configuration information
Feb 10 08:51:25 ubuntu kernel: [    0.000000] ACPI: HPET id: 0x8086af01 base: 0xfed00000
Feb 10 08:51:25 ubuntu kernel: [    0.000000] smpboot: Allowing 128 CPUs, 124 hotplug CPUs
Feb 10 08:51:25 ubuntu kernel: [    0.000000] PM: Registered nosave memory: [mem 0x00000000-0x00000fff]
Feb 10 08:51:25 ubuntu kernel: [    0.000000] PM: Registered nosave memory: [mem 0x0009e000-0x0009efff]
Feb 10 08:51:25 ubuntu kernel: [    0.000000] PM: Registered nosave memory: [mem 0x0009f000-0x0009ffff]
Feb 10 08:51:25 ubuntu kernel: [    0.000000] PM: Registered nosave memory: [mem 0x000a0000-0x000dbfff]
Feb 10 08:51:25 ubuntu kernel: [    0.000000] PM: Registered nosave memory: [mem 0x000dc000-0x000fffff]
Feb 10 08:51:25 ubuntu kernel: [    0.000000] PM: Registered nosave memory: [mem 0xbfed0000-0xbfefefff]
Feb 10 08:51:25 ubuntu kernel: [    0.000000] PM: Registered nosave memory: [mem 0xbfeff000-0xbfefffff]
Feb 10 08:51:25 ubuntu kernel: [    0.000000] PM: Registered nosave memory: [mem 0xc0000000-0xefffffff]
Feb 10 08:51:25 ubuntu kernel: [    0.000000] PM: Registered nosave memory: [mem 0xf0000000-0xf7ffffff]
Feb 10 08:51:25 ubuntu kernel: [    0.000000] PM: Registered nosave memory: [mem 0xf8000000-0xfebfffff]
Feb 10 08:51:25 ubuntu kernel: [    0.000000] PM: Registered nosave memory: [mem 0xfec00000-0xfec0ffff]
Feb 10 08:51:25 ubuntu kernel: [    0.000000] PM: Registered nosave memory: [mem 0xfec10000-0xfedfffff]
Feb 10 08:51:25 ubuntu kernel: [    0.000000] PM: Registered nosave memory: [mem 0xfee00000-0xfee00fff]
Feb 10 08:51:25 ubuntu kernel: [    0.000000] PM: Registered nosave memory: [mem 0xfee01000-0xfffdffff]
Feb 10 08:51:25 ubuntu kernel: [    0.000000] PM: Registered nosave memory: [mem 0xfffe0000-0xffffffff]
Feb 10 08:51:25 ubuntu kernel: [    0.000000] e820: [mem 0xc0000000-0xefffffff] available for PCI devices
Feb 10 08:51:25 ubuntu kernel: [    0.000000] Booting paravirtualized kernel on VMware hypervisor
Feb 10 08:51:25 ubuntu kernel: [    0.000000] clocksource: refined-jiffies: mask: 0xffffffff max_cycles: 0xffffffff, max_idle_ns: 7645519600211568 ns
Feb 10 08:51:25 ubuntu kernel: [    0.000000] random: get_random_bytes called from start_kernel+0x99/0x51b with crng_init=0
Feb 10 08:51:25 ubuntu kernel: [    0.000000] setup_percpu: NR_CPUS:8192 nr_cpumask_bits:128 nr_cpu_ids:128 nr_node_ids:1
Feb 10 08:51:25 ubuntu kernel: [    0.000000] percpu: Embedded 46 pages/cpu @        (ptrval) s151552 r8192 d28672 u262144
Feb 10 08:51:25 ubuntu kernel: [    0.000000] pcpu-alloc: s151552 r8192 d28672 u262144 alloc=1*2097152
Feb 10 08:51:25 ubuntu kernel: [    0.000000] pcpu-alloc: [0] 000 001 002 003 004 005 006 007 
Feb 10 08:51:25 ubuntu kernel: [    0.000000] pcpu-alloc: [0] 008 009 010 011 012 013 014 015 
Feb 10 08:51:25 ubuntu kernel: [    0.000000] pcpu-alloc: [0] 016 017 018 019 020 021 022 023 
Feb 10 08:51:25 ubuntu kernel: [    0.000000] pcpu-alloc: [0] 024 025 026 027 028 029 030 031 
Feb 10 08:51:25 ubuntu kernel: [    0.000000] pcpu-alloc: [0] 032 033 034 035 036 037 038 039 
Feb 10 08:51:25 ubuntu kernel: [    0.000000] pcpu-alloc: [0] 040 041 042 043 044 045 046 047 
Feb 10 08:51:25 ubuntu kernel: [    0.000000] pcpu-alloc: [0] 048 049 050 051 052 053 054 055 
Feb 10 08:51:25 ubuntu kernel: [    0.000000] pcpu-alloc: [0] 056 057 058 059 060 061 062 063 
Feb 10 08:51:25 ubuntu kernel: [    0.000000] pcpu-alloc: [0] 064 065 066 067 068 069 070 071 
Feb 10 08:51:25 ubuntu kernel: [    0.000000] pcpu-alloc: [0] 072 073 074 075 076 077 078 079 
Feb 10 08:51:25 ubuntu kernel: [    0.000000] pcpu-alloc: [0] 080 081 082 083 084 085 086 087 
Feb 10 08:51:25 ubuntu kernel: [    0.000000] pcpu-alloc: [0] 088 089 090 091 092 093 094 095 
Feb 10 08:51:25 ubuntu kernel: [    0.000000] pcpu-alloc: [0] 096 097 098 099 100 101 102 103 
Feb 10 08:51:25 ubuntu kernel: [    0.000000] pcpu-alloc: [0] 104 105 106 107 108 109 110 111 
Feb 10 08:51:25 ubuntu kernel: [    0.000000] pcpu-alloc: [0] 112 113 114 115 116 117 118 119 
Feb 10 08:51:25 ubuntu kernel: [    0.000000] pcpu-alloc: [0] 120 121 122 123 124 125 126 127 
Feb 10 08:51:25 ubuntu kernel: [    0.000000] Built 1 zonelists, mobility grouping on.  Total pages: 1032024
Feb 10 08:51:25 ubuntu kernel: [    0.000000] Policy zone: Normal
Feb 10 08:51:25 ubuntu kernel: [    0.000000] Kernel command line: BOOT_IMAGE=/boot/vmlinuz-4.15.0-29-generic root=UUID=808b3956-845c-4a0a-bed2-3e23a31267a3 ro find_preseed=/preseed.cfg auto noprompt priority=critical locale=en_US quiet
Feb 10 08:51:25 ubuntu kernel: [    0.000000] log_buf_len individual max cpu contribution: 4096 bytes
Feb 10 08:51:25 ubuntu kernel: [    0.000000] log_buf_len total cpu_extra contributions: 520192 bytes
Feb 10 08:51:25 ubuntu kernel: [    0.000000] log_buf_len min size: 262144 bytes
Feb 10 08:51:25 ubuntu kernel: [    0.000000] log_buf_len: 1048576 bytes
Feb 10 08:51:25 ubuntu kernel: [    0.000000] early log buf free: 235324(89%)
Feb 10 08:51:25 ubuntu kernel: [    0.000000] Calgary: detecting Calgary via BIOS EBDA area
Feb 10 08:51:25 ubuntu kernel: [    0.000000] Calgary: Unable to locate Rio Grande table in EBDA - bailing!
Feb 10 08:51:25 ubuntu kernel: [    0.000000] Memory: 3956200K/4193716K available (12300K kernel code, 2470K rwdata, 4252K rodata, 2400K init, 2416K bss, 237516K reserved, 0K cma-reserved)
Feb 10 08:51:25 ubuntu kernel: [    0.000000] SLUB: HWalign=64, Order=0-3, MinObjects=0, CPUs=128, Nodes=1
Feb 10 08:51:25 ubuntu kernel: [    0.000000] Kernel/User page tables isolation: enabled
Feb 10 08:51:25 ubuntu kernel: [    0.000000] ftrace: allocating 39098 entries in 153 pages
Feb 10 08:51:25 ubuntu kernel: [    0.004000] Hierarchical RCU implementation.
Feb 10 08:51:25 ubuntu kernel: [    0.004000] 	RCU restricting CPUs from NR_CPUS=8192 to nr_cpu_ids=128.
Feb 10 08:51:25 ubuntu kernel: [    0.004000] 	Tasks RCU enabled.
Feb 10 08:51:25 ubuntu kernel: [    0.004000] RCU: Adjusting geometry for rcu_fanout_leaf=16, nr_cpu_ids=128
Feb 10 08:51:25 ubuntu kernel: [    0.004000] NR_IRQS: 524544, nr_irqs: 1448, preallocated irqs: 16
Feb 10 08:51:25 ubuntu kernel: [    0.004000] Console: colour VGA+ 80x25
Feb 10 08:51:25 ubuntu kernel: [    0.004000] console [tty0] enabled
Feb 10 08:51:25 ubuntu kernel: [    0.004000] ACPI: Core revision 20170831
Feb 10 08:51:25 ubuntu kernel: [    0.004000] ACPI: 1 ACPI AML tables successfully acquired and loaded
Feb 10 08:51:25 ubuntu kernel: [    0.004000] clocksource: hpet: mask: 0xffffffff max_cycles: 0xffffffff, max_idle_ns: 133484882848 ns
Feb 10 08:51:25 ubuntu kernel: [    0.004000] hpet clockevent registered
Feb 10 08:51:25 ubuntu kernel: [    0.004016] APIC: Switch to symmetric I/O mode setup
Feb 10 08:51:25 ubuntu kernel: [    0.005965] x2apic enabled
Feb 10 08:51:25 ubuntu kernel: [    0.006667] Switched APIC routing to physical x2apic.
Feb 10 08:51:25 ubuntu kernel: [    0.010400] ..TIMER: vector=0x30 apic1=0 pin1=2 apic2=-1 pin2=-1
Feb 10 08:51:25 ubuntu kernel: [    0.010454] tsc: Detected 2712.000 MHz processor
Feb 10 08:51:25 ubuntu kernel: [    0.010456] Calibrating delay loop (skipped) preset value.. 5424.00 BogoMIPS (lpj=10848000)
Feb 10 08:51:25 ubuntu kernel: [    0.010456] pid_max: default: 131072 minimum: 1024
Feb 10 08:51:25 ubuntu kernel: [    0.010456] Security Framework initialized
Feb 10 08:51:25 ubuntu kernel: [    0.010456] Yama: becoming mindful.
Feb 10 08:51:25 ubuntu kernel: [    0.010456] AppArmor: AppArmor initialized
Feb 10 08:51:25 ubuntu kernel: [    0.013278] Dentry cache hash table entries: 524288 (order: 10, 4194304 bytes)
Feb 10 08:51:25 ubuntu kernel: [    0.014545] Inode-cache hash table entries: 262144 (order: 9, 2097152 bytes)
Feb 10 08:51:25 ubuntu kernel: [    0.014607] Mount-cache hash table entries: 8192 (order: 4, 65536 bytes)
Feb 10 08:51:25 ubuntu kernel: [    0.014630] Mountpoint-cache hash table entries: 8192 (order: 4, 65536 bytes)
Feb 10 08:51:25 ubuntu kernel: [    0.015255] Disabled fast string operations
Feb 10 08:51:25 ubuntu kernel: [    0.015262] CPU: Physical Processor ID: 0
Feb 10 08:51:25 ubuntu kernel: [    0.015262] CPU: Processor Core ID: 0
Feb 10 08:51:25 ubuntu kernel: [    0.015271] ENERGY_PERF_BIAS: Set to 'normal', was 'performance'
Feb 10 08:51:25 ubuntu kernel: [    0.015272] ENERGY_PERF_BIAS: View and update with x86_energy_perf_policy(8)
Feb 10 08:51:25 ubuntu kernel: [    0.015317] mce: CPU supports 0 MCE banks
Feb 10 08:51:25 ubuntu kernel: [    0.015330] Last level iTLB entries: 4KB 64, 2MB 8, 4MB 8
Feb 10 08:51:25 ubuntu kernel: [    0.015331] Last level dTLB entries: 4KB 64, 2MB 0, 4MB 0, 1GB 4
Feb 10 08:51:25 ubuntu kernel: [    0.015332] Spectre V2 : Mitigation: Full generic retpoline
Feb 10 08:51:25 ubuntu kernel: [    0.015333] Spectre V2 : Spectre v2 mitigation: Filling RSB on context switch
Feb 10 08:51:25 ubuntu kernel: [    0.015334] Speculative Store Bypass: Vulnerable
Feb 10 08:51:25 ubuntu kernel: [    0.015526] Freeing SMP alternatives memory: 36K
Feb 10 08:51:25 ubuntu kernel: [    0.040060] TSC deadline timer enabled
Feb 10 08:51:25 ubuntu kernel: [    0.040198] smpboot: CPU0: Intel(R) Core(TM) i5-7200U CPU @ 2.50GHz (family: 0x6, model: 0x8e, stepping: 0x9)
Feb 10 08:51:25 ubuntu kernel: [    0.040642] Performance Events: Skylake events, core PMU driver.
Feb 10 08:51:25 ubuntu kernel: [    0.040691] core: CPUID marked event: 'cpu cycles' unavailable
Feb 10 08:51:25 ubuntu kernel: [    0.040692] core: CPUID marked event: 'instructions' unavailable
Feb 10 08:51:25 ubuntu kernel: [    0.040693] core: CPUID marked event: 'bus cycles' unavailable
Feb 10 08:51:25 ubuntu kernel: [    0.040694] core: CPUID marked event: 'cache references' unavailable
Feb 10 08:51:25 ubuntu kernel: [    0.040695] core: CPUID marked event: 'cache misses' unavailable
Feb 10 08:51:25 ubuntu kernel: [    0.040697] core: CPUID marked event: 'branch instructions' unavailable
Feb 10 08:51:25 ubuntu kernel: [    0.040698] core: CPUID marked event: 'branch misses' unavailable
Feb 10 08:51:25 ubuntu kernel: [    0.040702] ... version:                1
Feb 10 08:51:25 ubuntu kernel: [    0.040703] ... bit width:              48
Feb 10 08:51:25 ubuntu kernel: [    0.040704] ... generic registers:      4
Feb 10 08:51:25 ubuntu kernel: [    0.040705] ... value mask:             0000ffffffffffff
Feb 10 08:51:25 ubuntu kernel: [    0.040707] ... max period:             000000007fffffff
Feb 10 08:51:25 ubuntu kernel: [    0.040708] ... fixed-purpose events:   0
Feb 10 08:51:25 ubuntu kernel: [    0.040709] ... event mask:             000000000000000f
Feb 10 08:51:25 ubuntu kernel: [    0.040907] Hierarchical SRCU implementation.
Feb 10 08:51:25 ubuntu kernel: [    0.043812] NMI watchdog: Perf event create on CPU 0 failed with -2
Feb 10 08:51:25 ubuntu kernel: [    0.043814] NMI watchdog: Perf NMI watchdog permanently disabled
Feb 10 08:51:25 ubuntu kernel: [    0.049807] smp: Bringing up secondary CPUs ...
Feb 10 08:51:25 ubuntu kernel: [    0.050190] x86: Booting SMP configuration:
Feb 10 08:51:25 ubuntu kernel: [    0.050192] .... node  #0, CPUs:          #1
Feb 10 08:51:25 ubuntu kernel: [    0.004000] Disabled fast string operations
Feb 10 08:51:25 ubuntu kernel: [    0.004000] mce: CPU supports 0 MCE banks
Feb 10 08:51:25 ubuntu kernel: [    0.052605]    #2
Feb 10 08:51:25 ubuntu kernel: [    0.004000] Disabled fast string operations
Feb 10 08:51:25 ubuntu kernel: [    0.004000] mce: CPU supports 0 MCE banks
Feb 10 08:51:25 ubuntu kernel: [    0.054420]    #3
Feb 10 08:51:25 ubuntu kernel: [    0.004000] Disabled fast string operations
Feb 10 08:51:25 ubuntu kernel: [    0.004000] mce: CPU supports 0 MCE banks
Feb 10 08:51:25 ubuntu kernel: [    0.056319] smp: Brought up 1 node, 4 CPUs
Feb 10 08:51:25 ubuntu kernel: [    0.056319] smpboot: Max logical packages: 64
Feb 10 08:51:25 ubuntu kernel: [    0.056319] smpboot: Total of 4 processors activated (21696.00 BogoMIPS)
Feb 10 08:51:25 ubuntu kernel: [    0.061425] devtmpfs: initialized
Feb 10 08:51:25 ubuntu kernel: [    0.061425] x86/mm: Memory block size: 128MB
Feb 10 08:51:25 ubuntu kernel: [    0.061425] evm: security.selinux
Feb 10 08:51:25 ubuntu kernel: [    0.061425] evm: security.SMACK64
Feb 10 08:51:25 ubuntu kernel: [    0.061425] evm: security.SMACK64EXEC
Feb 10 08:51:25 ubuntu kernel: [    0.061425] evm: security.SMACK64TRANSMUTE
Feb 10 08:51:25 ubuntu kernel: [    0.061425] evm: security.SMACK64MMAP
Feb 10 08:51:25 ubuntu kernel: [    0.061425] evm: security.apparmor
Feb 10 08:51:25 ubuntu kernel: [    0.061425] evm: security.ima
Feb 10 08:51:25 ubuntu kernel: [    0.061425] evm: security.capability
Feb 10 08:51:25 ubuntu kernel: [    0.061425] PM: Registering ACPI NVS region [mem 0xbfeff000-0xbfefffff] (4096 bytes)
Feb 10 08:51:25 ubuntu kernel: [    0.064052] clocksource: jiffies: mask: 0xffffffff max_cycles: 0xffffffff, max_idle_ns: 7645041785100000 ns
Feb 10 08:51:25 ubuntu kernel: [    0.064140] futex hash table entries: 32768 (order: 9, 2097152 bytes)
Feb 10 08:51:25 ubuntu kernel: [    0.065303] pinctrl core: initialized pinctrl subsystem
Feb 10 08:51:25 ubuntu kernel: [    0.065618] RTC time: 16:51:07, date: 02/10/19
Feb 10 08:51:25 ubuntu kernel: [    0.066274] NET: Registered protocol family 16
Feb 10 08:51:25 ubuntu kernel: [    0.066435] audit: initializing netlink subsys (disabled)
Feb 10 08:51:25 ubuntu kernel: [    0.066468] audit: type=2000 audit(1549817467.064:1): state=initialized audit_enabled=0 res=1
Feb 10 08:51:25 ubuntu kernel: [    0.066468] cpuidle: using governor ladder
Feb 10 08:51:25 ubuntu kernel: [    0.066468] cpuidle: using governor menu
Feb 10 08:51:25 ubuntu kernel: [    0.066468] Simple Boot Flag at 0x36 set to 0x80
Feb 10 08:51:25 ubuntu kernel: [    0.066468] ACPI: bus type PCI registered
Feb 10 08:51:25 ubuntu kernel: [    0.066468] acpiphp: ACPI Hot Plug PCI Controller Driver version: 0.5
Feb 10 08:51:25 ubuntu kernel: [    0.068241] PCI: MMCONFIG for domain 0000 [bus 00-7f] at [mem 0xf0000000-0xf7ffffff] (base 0xf0000000)
Feb 10 08:51:25 ubuntu kernel: [    0.068246] PCI: MMCONFIG at [mem 0xf0000000-0xf7ffffff] reserved in E820
Feb 10 08:51:25 ubuntu kernel: [    0.068263] PCI: Using configuration type 1 for base access
Feb 10 08:51:25 ubuntu kernel: [    0.070031] HugeTLB registered 1.00 GiB page size, pre-allocated 0 pages
Feb 10 08:51:25 ubuntu kernel: [    0.070031] HugeTLB registered 2.00 MiB page size, pre-allocated 0 pages
Feb 10 08:51:25 ubuntu kernel: [    0.072374] ACPI: Added _OSI(Module Device)
Feb 10 08:51:25 ubuntu kernel: [    0.072374] ACPI: Added _OSI(Processor Device)
Feb 10 08:51:25 ubuntu kernel: [    0.072374] ACPI: Added _OSI(3.0 _SCP Extensions)
Feb 10 08:51:25 ubuntu kernel: [    0.072374] ACPI: Added _OSI(Processor Aggregator Device)
Feb 10 08:51:25 ubuntu kernel: [    0.072374] ACPI: Added _OSI(Linux-Dell-Video)
Feb 10 08:51:25 ubuntu kernel: [    0.080211] ACPI: [Firmware Bug]: BIOS _OSI(Linux) query ignored
Feb 10 08:51:25 ubuntu kernel: [    0.138642] ACPI: Interpreter enabled
Feb 10 08:51:25 ubuntu kernel: [    0.138695] ACPI: (supports S0 S1 S4 S5)
Feb 10 08:51:25 ubuntu kernel: [    0.138697] ACPI: Using IOAPIC for interrupt routing
Feb 10 08:51:25 ubuntu kernel: [    0.138928] PCI: Using host bridge windows from ACPI; if necessary, use "pci=nocrs" and report a bug
Feb 10 08:51:25 ubuntu kernel: [    0.142869] ACPI: Enabled 4 GPEs in block 00 to 0F
Feb 10 08:51:25 ubuntu kernel: [    0.672979] ACPI: PCI Root Bridge [PCI0] (domain 0000 [bus 00-7f])
Feb 10 08:51:25 ubuntu kernel: [    0.672995] acpi PNP0A03:00: _OSC: OS supports [ExtendedConfig ASPM ClockPM Segments MSI]
Feb 10 08:51:25 ubuntu kernel: [    0.673532] acpi PNP0A03:00: _OSC: platform does not support [AER]
Feb 10 08:51:25 ubuntu kernel: [    0.674162] acpi PNP0A03:00: _OSC: OS now controls [PCIeHotplug PME PCIeCapability]
Feb 10 08:51:25 ubuntu kernel: [    0.677831] PCI host bridge to bus 0000:00
Feb 10 08:51:25 ubuntu kernel: [    0.677835] pci_bus 0000:00: root bus resource [mem 0x000a0000-0x000bffff window]
Feb 10 08:51:25 ubuntu kernel: [    0.677837] pci_bus 0000:00: root bus resource [mem 0x000d0000-0x000d3fff window]
Feb 10 08:51:25 ubuntu kernel: [    0.677838] pci_bus 0000:00: root bus resource [mem 0x000d4000-0x000d7fff window]
Feb 10 08:51:25 ubuntu kernel: [    0.677839] pci_bus 0000:00: root bus resource [mem 0x000d8000-0x000dbfff window]
Feb 10 08:51:25 ubuntu kernel: [    0.677841] pci_bus 0000:00: root bus resource [mem 0xc0000000-0xfebfffff window]
Feb 10 08:51:25 ubuntu kernel: [    0.677842] pci_bus 0000:00: root bus resource [io  0x0000-0x0cf7 window]
Feb 10 08:51:25 ubuntu kernel: [    0.677843] pci_bus 0000:00: root bus resource [io  0x0d00-0xfeff window]
Feb 10 08:51:25 ubuntu kernel: [    0.677845] pci_bus 0000:00: root bus resource [bus 00-7f]
Feb 10 08:51:25 ubuntu kernel: [    0.677922] pci 0000:00:00.0: [8086:7190] type 00 class 0x060000
Feb 10 08:51:25 ubuntu kernel: [    0.679172] pci 0000:00:01.0: [8086:7191] type 01 class 0x060400
Feb 10 08:51:25 ubuntu kernel: [    0.679949] pci 0000:00:07.0: [8086:7110] type 00 class 0x060100
Feb 10 08:51:25 ubuntu kernel: [    0.679949] pci 0000:00:07.1: [8086:7111] type 00 class 0x01018a
Feb 10 08:51:25 ubuntu kernel: [    0.680000] pci 0000:00:07.1: reg 0x20: [io  0x1060-0x106f]
Feb 10 08:51:25 ubuntu kernel: [    0.686343] pci 0000:00:07.1: legacy IDE quirk: reg 0x10: [io  0x01f0-0x01f7]
Feb 10 08:51:25 ubuntu kernel: [    0.686346] pci 0000:00:07.1: legacy IDE quirk: reg 0x14: [io  0x03f6]
Feb 10 08:51:25 ubuntu kernel: [    0.686347] pci 0000:00:07.1: legacy IDE quirk: reg 0x18: [io  0x0170-0x0177]
Feb 10 08:51:25 ubuntu kernel: [    0.686349] pci 0000:00:07.1: legacy IDE quirk: reg 0x1c: [io  0x0376]
Feb 10 08:51:25 ubuntu kernel: [    0.687522] pci 0000:00:07.3: [8086:7113] type 00 class 0x068000
Feb 10 08:51:25 ubuntu kernel: [    0.693831] pci 0000:00:07.3: quirk: [io  0x1000-0x103f] claimed by PIIX4 ACPI
Feb 10 08:51:25 ubuntu kernel: [    0.693848] pci 0000:00:07.3: quirk: [io  0x1040-0x104f] claimed by PIIX4 SMB
Feb 10 08:51:25 ubuntu kernel: [    0.694506] pci 0000:00:07.7: [15ad:0740] type 00 class 0x088000
Feb 10 08:51:25 ubuntu kernel: [    0.696017] pci 0000:00:07.7: reg 0x10: [io  0x1080-0x10bf]
Feb 10 08:51:25 ubuntu kernel: [    0.697361] pci 0000:00:07.7: reg 0x14: [mem 0xfebfe000-0xfebfffff 64bit]
Feb 10 08:51:25 ubuntu kernel: [    0.702907] pci 0000:00:0f.0: [15ad:0405] type 00 class 0x030000
Feb 10 08:51:25 ubuntu kernel: [    0.710538] pci 0000:00:0f.0: reg 0x10: [io  0x1070-0x107f]
Feb 10 08:51:25 ubuntu kernel: [    0.713708] pci 0000:00:0f.0: reg 0x14: [mem 0xe8000000-0xefffffff pref]
Feb 10 08:51:25 ubuntu kernel: [    0.717562] pci 0000:00:0f.0: reg 0x18: [mem 0xfe000000-0xfe7fffff]
Feb 10 08:51:25 ubuntu kernel: [    0.735835] pci 0000:00:0f.0: reg 0x30: [mem 0x00000000-0x00007fff pref]
Feb 10 08:51:25 ubuntu kernel: [    0.735835] pci 0000:00:10.0: [1000:0030] type 00 class 0x010000
Feb 10 08:51:25 ubuntu kernel: [    0.735835] pci 0000:00:10.0: reg 0x10: [io  0x1400-0x14ff]
Feb 10 08:51:25 ubuntu kernel: [    0.736000] pci 0000:00:10.0: reg 0x14: [mem 0xfeba0000-0xfebbffff 64bit]
Feb 10 08:51:25 ubuntu kernel: [    0.736000] pci 0000:00:10.0: reg 0x1c: [mem 0xfebc0000-0xfebdffff 64bit]
Feb 10 08:51:25 ubuntu kernel: [    0.743574] pci 0000:00:10.0: reg 0x30: [mem 0x00000000-0x00003fff pref]
Feb 10 08:51:25 ubuntu kernel: [    0.744066] pci 0000:00:11.0: [15ad:0790] type 01 class 0x060401
Feb 10 08:51:25 ubuntu kernel: [    0.745022] pci 0000:00:15.0: [15ad:07a0] type 01 class 0x060400
Feb 10 08:51:25 ubuntu kernel: [    0.746034] pci 0000:00:15.0: PME# supported from D0 D3hot D3cold
Feb 10 08:51:25 ubuntu kernel: [    0.746661] pci 0000:00:15.1: [15ad:07a0] type 01 class 0x060400
Feb 10 08:51:25 ubuntu kernel: [    0.747677] pci 0000:00:15.1: PME# supported from D0 D3hot D3cold
Feb 10 08:51:25 ubuntu kernel: [    0.748164] pci 0000:00:15.2: [15ad:07a0] type 01 class 0x060400
Feb 10 08:51:25 ubuntu kernel: [    0.749126] pci 0000:00:15.2: PME# supported from D0 D3hot D3cold
Feb 10 08:51:25 ubuntu kernel: [    0.749704] pci 0000:00:15.3: [15ad:07a0] type 01 class 0x060400
Feb 10 08:51:25 ubuntu kernel: [    0.750825] pci 0000:00:15.3: PME# supported from D0 D3hot D3cold
Feb 10 08:51:25 ubuntu kernel: [    0.751400] pci 0000:00:15.4: [15ad:07a0] type 01 class 0x060400
Feb 10 08:51:25 ubuntu kernel: [    0.751400] pci 0000:00:15.4: PME# supported from D0 D3hot D3cold
Feb 10 08:51:25 ubuntu kernel: [    0.751400] pci 0000:00:15.5: [15ad:07a0] type 01 class 0x060400
Feb 10 08:51:25 ubuntu kernel: [    0.751400] pci 0000:00:15.5: PME# supported from D0 D3hot D3cold
Feb 10 08:51:25 ubuntu kernel: [    0.751400] pci 0000:00:15.6: [15ad:07a0] type 01 class 0x060400
Feb 10 08:51:25 ubuntu kernel: [    0.751837] pci 0000:00:15.6: PME# supported from D0 D3hot D3cold
Feb 10 08:51:25 ubuntu kernel: [    0.752000] pci 0000:00:15.7: [15ad:07a0] type 01 class 0x060400
Feb 10 08:51:25 ubuntu kernel: [    0.752000] pci 0000:00:15.7: PME# supported from D0 D3hot D3cold
Feb 10 08:51:25 ubuntu kernel: [    0.752000] pci 0000:00:16.0: [15ad:07a0] type 01 class 0x060400
Feb 10 08:51:25 ubuntu kernel: [    0.752000] pci 0000:00:16.0: PME# supported from D0 D3hot D3cold
Feb 10 08:51:25 ubuntu kernel: [    0.752000] pci 0000:00:16.1: [15ad:07a0] type 01 class 0x060400
Feb 10 08:51:25 ubuntu kernel: [    0.756678] pci 0000:00:16.1: PME# supported from D0 D3hot D3cold
Feb 10 08:51:25 ubuntu kernel: [    0.757247] pci 0000:00:16.2: [15ad:07a0] type 01 class 0x060400
Feb 10 08:51:25 ubuntu kernel: [    0.758297] pci 0000:00:16.2: PME# supported from D0 D3hot D3cold
Feb 10 08:51:25 ubuntu kernel: [    0.758841] pci 0000:00:16.3: [15ad:07a0] type 01 class 0x060400
Feb 10 08:51:25 ubuntu kernel: [    0.759725] pci 0000:00:16.3: PME# supported from D0 D3hot D3cold
Feb 10 08:51:25 ubuntu kernel: [    0.760188] pci 0000:00:16.4: [15ad:07a0] type 01 class 0x060400
Feb 10 08:51:25 ubuntu kernel: [    0.761184] pci 0000:00:16.4: PME# supported from D0 D3hot D3cold
Feb 10 08:51:25 ubuntu kernel: [    0.761772] pci 0000:00:16.5: [15ad:07a0] type 01 class 0x060400
Feb 10 08:51:25 ubuntu kernel: [    0.762709] pci 0000:00:16.5: PME# supported from D0 D3hot D3cold
Feb 10 08:51:25 ubuntu kernel: [    0.763199] pci 0000:00:16.6: [15ad:07a0] type 01 class 0x060400
Feb 10 08:51:25 ubuntu kernel: [    0.764153] pci 0000:00:16.6: PME# supported from D0 D3hot D3cold
Feb 10 08:51:25 ubuntu kernel: [    0.764641] pci 0000:00:16.7: [15ad:07a0] type 01 class 0x060400
Feb 10 08:51:25 ubuntu kernel: [    0.765672] pci 0000:00:16.7: PME# supported from D0 D3hot D3cold
Feb 10 08:51:25 ubuntu kernel: [    0.766251] pci 0000:00:17.0: [15ad:07a0] type 01 class 0x060400
Feb 10 08:51:25 ubuntu kernel: [    0.767329] pci 0000:00:17.0: PME# supported from D0 D3hot D3cold
Feb 10 08:51:25 ubuntu kernel: [    0.767809] pci 0000:00:17.1: [15ad:07a0] type 01 class 0x060400
Feb 10 08:51:25 ubuntu kernel: [    0.768707] pci 0000:00:17.1: PME# supported from D0 D3hot D3cold
Feb 10 08:51:25 ubuntu kernel: [    0.769247] pci 0000:00:17.2: [15ad:07a0] type 01 class 0x060400
Feb 10 08:51:25 ubuntu kernel: [    0.770347] pci 0000:00:17.2: PME# supported from D0 D3hot D3cold
Feb 10 08:51:25 ubuntu kernel: [    0.770979] pci 0000:00:17.3: [15ad:07a0] type 01 class 0x060400
Feb 10 08:51:25 ubuntu kernel: [    0.770979] pci 0000:00:17.3: PME# supported from D0 D3hot D3cold
Feb 10 08:51:25 ubuntu kernel: [    0.770979] pci 0000:00:17.4: [15ad:07a0] type 01 class 0x060400
Feb 10 08:51:25 ubuntu kernel: [    0.770979] pci 0000:00:17.4: PME# supported from D0 D3hot D3cold
Feb 10 08:51:25 ubuntu kernel: [    0.770979] pci 0000:00:17.5: [15ad:07a0] type 01 class 0x060400
Feb 10 08:51:25 ubuntu kernel: [    0.771178] pci 0000:00:17.5: PME# supported from D0 D3hot D3cold
Feb 10 08:51:25 ubuntu kernel: [    0.771646] pci 0000:00:17.6: [15ad:07a0] type 01 class 0x060400
Feb 10 08:51:25 ubuntu kernel: [    0.772000] pci 0000:00:17.6: PME# supported from D0 D3hot D3cold
Feb 10 08:51:25 ubuntu kernel: [    0.772000] pci 0000:00:17.7: [15ad:07a0] type 01 class 0x060400
Feb 10 08:51:25 ubuntu kernel: [    0.772000] pci 0000:00:17.7: PME# supported from D0 D3hot D3cold
Feb 10 08:51:25 ubuntu kernel: [    0.772000] pci 0000:00:18.0: [15ad:07a0] type 01 class 0x060400
Feb 10 08:51:25 ubuntu kernel: [    0.772000] pci 0000:00:18.0: PME# supported from D0 D3hot D3cold
Feb 10 08:51:25 ubuntu kernel: [    0.772000] pci 0000:00:18.1: [15ad:07a0] type 01 class 0x060400
Feb 10 08:51:25 ubuntu kernel: [    0.777087] pci 0000:00:18.1: PME# supported from D0 D3hot D3cold
Feb 10 08:51:25 ubuntu kernel: [    0.777783] pci 0000:00:18.2: [15ad:07a0] type 01 class 0x060400
Feb 10 08:51:25 ubuntu kernel: [    0.778926] pci 0000:00:18.2: PME# supported from D0 D3hot D3cold
Feb 10 08:51:25 ubuntu kernel: [    0.779559] pci 0000:00:18.3: [15ad:07a0] type 01 class 0x060400
Feb 10 08:51:25 ubuntu kernel: [    0.780664] pci 0000:00:18.3: PME# supported from D0 D3hot D3cold
Feb 10 08:51:25 ubuntu kernel: [    0.781307] pci 0000:00:18.4: [15ad:07a0] type 01 class 0x060400
Feb 10 08:51:25 ubuntu kernel: [    0.782392] pci 0000:00:18.4: PME# supported from D0 D3hot D3cold
Feb 10 08:51:25 ubuntu kernel: [    0.783015] pci 0000:00:18.5: [15ad:07a0] type 01 class 0x060400
Feb 10 08:51:25 ubuntu kernel: [    0.784054] pci 0000:00:18.5: PME# supported from D0 D3hot D3cold
Feb 10 08:51:25 ubuntu kernel: [    0.784619] pci 0000:00:18.6: [15ad:07a0] type 01 class 0x060400
Feb 10 08:51:25 ubuntu kernel: [    0.785563] pci 0000:00:18.6: PME# supported from D0 D3hot D3cold
Feb 10 08:51:25 ubuntu kernel: [    0.786090] pci 0000:00:18.7: [15ad:07a0] type 01 class 0x060400
Feb 10 08:51:25 ubuntu kernel: [    0.786978] pci 0000:00:18.7: PME# supported from D0 D3hot D3cold
Feb 10 08:51:25 ubuntu kernel: [    0.787950] pci 0000:00:01.0: PCI bridge to [bus 01]
Feb 10 08:51:25 ubuntu kernel: [    0.787950] acpiphp: Slot [32] registered
Feb 10 08:51:25 ubuntu kernel: [    0.787950] acpiphp: Slot [33] registered
Feb 10 08:51:25 ubuntu kernel: [    0.787950] acpiphp: Slot [34] registered
Feb 10 08:51:25 ubuntu kernel: [    0.787950] acpiphp: Slot [35] registered
Feb 10 08:51:25 ubuntu kernel: [    0.787950] acpiphp: Slot [36] registered
Feb 10 08:51:25 ubuntu kernel: [    0.787950] acpiphp: Slot [37] registered
Feb 10 08:51:25 ubuntu kernel: [    0.787950] acpiphp: Slot [38] registered
Feb 10 08:51:25 ubuntu kernel: [    0.787950] acpiphp: Slot [39] registered
Feb 10 08:51:25 ubuntu kernel: [    0.787950] acpiphp: Slot [40] registered
Feb 10 08:51:25 ubuntu kernel: [    0.787950] acpiphp: Slot [41] registered
Feb 10 08:51:25 ubuntu kernel: [    0.787950] acpiphp: Slot [42] registered
Feb 10 08:51:25 ubuntu kernel: [    0.787950] acpiphp: Slot [43] registered
Feb 10 08:51:25 ubuntu kernel: [    0.787950] acpiphp: Slot [44] registered
Feb 10 08:51:25 ubuntu kernel: [    0.787950] acpiphp: Slot [45] registered
Feb 10 08:51:25 ubuntu kernel: [    0.787950] acpiphp: Slot [46] registered
Feb 10 08:51:25 ubuntu kernel: [    0.787950] acpiphp: Slot [47] registered
Feb 10 08:51:25 ubuntu kernel: [    0.787950] acpiphp: Slot [48] registered
Feb 10 08:51:25 ubuntu kernel: [    0.787950] acpiphp: Slot [49] registered
Feb 10 08:51:25 ubuntu kernel: [    0.787950] acpiphp: Slot [50] registered
Feb 10 08:51:25 ubuntu kernel: [    0.787950] acpiphp: Slot [51] registered
Feb 10 08:51:25 ubuntu kernel: [    0.787950] acpiphp: Slot [52] registered
Feb 10 08:51:25 ubuntu kernel: [    0.787950] acpiphp: Slot [53] registered
Feb 10 08:51:25 ubuntu kernel: [    0.787950] acpiphp: Slot [54] registered
Feb 10 08:51:25 ubuntu kernel: [    0.787950] acpiphp: Slot [55] registered
Feb 10 08:51:25 ubuntu kernel: [    0.787950] acpiphp: Slot [56] registered
Feb 10 08:51:25 ubuntu kernel: [    0.787950] acpiphp: Slot [57] registered
Feb 10 08:51:25 ubuntu kernel: [    0.787950] acpiphp: Slot [58] registered
Feb 10 08:51:25 ubuntu kernel: [    0.787950] acpiphp: Slot [59] registered
Feb 10 08:51:25 ubuntu kernel: [    0.787950] acpiphp: Slot [60] registered
Feb 10 08:51:25 ubuntu kernel: [    0.787950] acpiphp: Slot [61] registered
Feb 10 08:51:25 ubuntu kernel: [    0.787950] acpiphp: Slot [62] registered
Feb 10 08:51:25 ubuntu kernel: [    0.787950] acpiphp: Slot [63] registered
Feb 10 08:51:25 ubuntu kernel: [    0.787950] pci 0000:02:00.0: [15ad:0774] type 00 class 0x0c0300
Feb 10 08:51:25 ubuntu kernel: [    0.788000] pci 0000:02:00.0: reg 0x20: [io  0x2080-0x209f]
Feb 10 08:51:25 ubuntu kernel: [    0.788000] pci 0000:02:01.0: [8086:100f] type 00 class 0x020000
Feb 10 08:51:25 ubuntu kernel: [    0.793048] pci 0000:02:01.0: reg 0x10: [mem 0xfd5c0000-0xfd5dffff 64bit]
Feb 10 08:51:25 ubuntu kernel: [    0.795218] pci 0000:02:01.0: reg 0x18: [mem 0xfdff0000-0xfdffffff 64bit]
Feb 10 08:51:25 ubuntu kernel: [    0.800950] pci 0000:02:01.0: reg 0x20: [io  0x2000-0x203f]
Feb 10 08:51:25 ubuntu kernel: [    0.800950] pci 0000:02:01.0: reg 0x30: [mem 0x00000000-0x0000ffff pref]
Feb 10 08:51:25 ubuntu kernel: [    0.800950] pci 0000:02:02.0: [1274:1371] type 00 class 0x040100
Feb 10 08:51:25 ubuntu kernel: [    0.801377] pci 0000:02:02.0: reg 0x10: [io  0x2040-0x207f]
Feb 10 08:51:25 ubuntu kernel: [    0.804000] pci 0000:02:03.0: [15ad:0770] type 00 class 0x0c0320
Feb 10 08:51:25 ubuntu kernel: [    0.804000] pci 0000:02:03.0: reg 0x10: [mem 0xfd5ef000-0xfd5effff]
Feb 10 08:51:25 ubuntu kernel: [    0.812126] pci 0000:02:05.0: [15ad:07e0] type 00 class 0x010601
Feb 10 08:51:25 ubuntu kernel: [    0.816000] pci 0000:02:05.0: reg 0x24: [mem 0xfd5ee000-0xfd5eefff]
Feb 10 08:51:25 ubuntu kernel: [    0.816000] pci 0000:02:05.0: reg 0x30: [mem 0x00000000-0x0000ffff pref]
Feb 10 08:51:25 ubuntu kernel: [    0.816000] pci 0000:02:05.0: PME# supported from D3hot
Feb 10 08:51:25 ubuntu kernel: [    0.820038] pci 0000:00:11.0: PCI bridge to [bus 02] (subtractive decode)
Feb 10 08:51:25 ubuntu kernel: [    0.820090] pci 0000:00:11.0:   bridge window [io  0x2000-0x3fff]
Feb 10 08:51:25 ubuntu kernel: [    0.820116] pci 0000:00:11.0:   bridge window [mem 0xfd500000-0xfdffffff]
Feb 10 08:51:25 ubuntu kernel: [    0.820178] pci 0000:00:11.0:   bridge window [mem 0xe7b00000-0xe7ffffff 64bit pref]
Feb 10 08:51:25 ubuntu kernel: [    0.820181] pci 0000:00:11.0:   bridge window [mem 0x000a0000-0x000bffff window] (subtractive decode)
Feb 10 08:51:25 ubuntu kernel: [    0.820183] pci 0000:00:11.0:   bridge window [mem 0x000d0000-0x000d3fff window] (subtractive decode)
Feb 10 08:51:25 ubuntu kernel: [    0.820185] pci 0000:00:11.0:   bridge window [mem 0x000d4000-0x000d7fff window] (subtractive decode)
Feb 10 08:51:25 ubuntu kernel: [    0.820186] pci 0000:00:11.0:   bridge window [mem 0x000d8000-0x000dbfff window] (subtractive decode)
Feb 10 08:51:25 ubuntu kernel: [    0.820188] pci 0000:00:11.0:   bridge window [mem 0xc0000000-0xfebfffff window] (subtractive decode)
Feb 10 08:51:25 ubuntu kernel: [    0.820190] pci 0000:00:11.0:   bridge window [io  0x0000-0x0cf7 window] (subtractive decode)
Feb 10 08:51:25 ubuntu kernel: [    0.820191] pci 0000:00:11.0:   bridge window [io  0x0d00-0xfeff window] (subtractive decode)
Feb 10 08:51:25 ubuntu kernel: [    0.820719] pci 0000:00:15.0: PCI bridge to [bus 03]
Feb 10 08:51:25 ubuntu kernel: [    0.820745] pci 0000:00:15.0:   bridge window [io  0x4000-0x4fff]
Feb 10 08:51:25 ubuntu kernel: [    0.820772] pci 0000:00:15.0:   bridge window [mem 0xfd400000-0xfd4fffff]
Feb 10 08:51:25 ubuntu kernel: [    0.820818] pci 0000:00:15.0:   bridge window [mem 0xe7a00000-0xe7afffff 64bit pref]
Feb 10 08:51:25 ubuntu kernel: [    0.821334] pci 0000:00:15.1: PCI bridge to [bus 04]
Feb 10 08:51:25 ubuntu kernel: [    0.821370] pci 0000:00:15.1:   bridge window [io  0x8000-0x8fff]
Feb 10 08:51:25 ubuntu kernel: [    0.821402] pci 0000:00:15.1:   bridge window [mem 0xfd000000-0xfd0fffff]
Feb 10 08:51:25 ubuntu kernel: [    0.821490] pci 0000:00:15.1:   bridge window [mem 0xe7600000-0xe76fffff 64bit pref]
Feb 10 08:51:25 ubuntu kernel: [    0.821944] pci 0000:00:15.2: PCI bridge to [bus 05]
Feb 10 08:51:25 ubuntu kernel: [    0.821979] pci 0000:00:15.2:   bridge window [io  0xc000-0xcfff]
Feb 10 08:51:25 ubuntu kernel: [    0.822010] pci 0000:00:15.2:   bridge window [mem 0xfcc00000-0xfccfffff]
Feb 10 08:51:25 ubuntu kernel: [    0.822062] pci 0000:00:15.2:   bridge window [mem 0xe7200000-0xe72fffff 64bit pref]
Feb 10 08:51:25 ubuntu kernel: [    0.822555] pci 0000:00:15.3: PCI bridge to [bus 06]
Feb 10 08:51:25 ubuntu kernel: [    0.822618] pci 0000:00:15.3:   bridge window [mem 0xfc800000-0xfc8fffff]
Feb 10 08:51:25 ubuntu kernel: [    0.822676] pci 0000:00:15.3:   bridge window [mem 0xe6e00000-0xe6efffff 64bit pref]
Feb 10 08:51:25 ubuntu kernel: [    0.823160] pci 0000:00:15.4: PCI bridge to [bus 07]
Feb 10 08:51:25 ubuntu kernel: [    0.823220] pci 0000:00:15.4:   bridge window [mem 0xfc400000-0xfc4fffff]
Feb 10 08:51:25 ubuntu kernel: [    0.823271] pci 0000:00:15.4:   bridge window [mem 0xe6a00000-0xe6afffff 64bit pref]
Feb 10 08:51:25 ubuntu kernel: [    0.823784] pci 0000:00:15.5: PCI bridge to [bus 08]
Feb 10 08:51:25 ubuntu kernel: [    0.823839] pci 0000:00:15.5:   bridge window [mem 0xfc000000-0xfc0fffff]
Feb 10 08:51:25 ubuntu kernel: [    0.823897] pci 0000:00:15.5:   bridge window [mem 0xe6600000-0xe66fffff 64bit pref]
Feb 10 08:51:25 ubuntu kernel: [    0.824377] pci 0000:00:15.6: PCI bridge to [bus 09]
Feb 10 08:51:25 ubuntu kernel: [    0.824458] pci 0000:00:15.6:   bridge window [mem 0xfbc00000-0xfbcfffff]
Feb 10 08:51:25 ubuntu kernel: [    0.824516] pci 0000:00:15.6:   bridge window [mem 0xe6200000-0xe62fffff 64bit pref]
Feb 10 08:51:25 ubuntu kernel: [    0.824974] pci 0000:00:15.7: PCI bridge to [bus 0a]
Feb 10 08:51:25 ubuntu kernel: [    0.825029] pci 0000:00:15.7:   bridge window [mem 0xfb800000-0xfb8fffff]
Feb 10 08:51:25 ubuntu kernel: [    0.825091] pci 0000:00:15.7:   bridge window [mem 0xe5e00000-0xe5efffff 64bit pref]
Feb 10 08:51:25 ubuntu kernel: [    0.825567] pci 0000:00:16.0: PCI bridge to [bus 0b]
Feb 10 08:51:25 ubuntu kernel: [    0.825600] pci 0000:00:16.0:   bridge window [io  0x5000-0x5fff]
Feb 10 08:51:25 ubuntu kernel: [    0.825632] pci 0000:00:16.0:   bridge window [mem 0xfd300000-0xfd3fffff]
Feb 10 08:51:25 ubuntu kernel: [    0.825699] pci 0000:00:16.0:   bridge window [mem 0xe7900000-0xe79fffff 64bit pref]
Feb 10 08:51:25 ubuntu kernel: [    0.826187] pci 0000:00:16.1: PCI bridge to [bus 0c]
Feb 10 08:51:25 ubuntu kernel: [    0.826219] pci 0000:00:16.1:   bridge window [io  0x9000-0x9fff]
Feb 10 08:51:25 ubuntu kernel: [    0.826254] pci 0000:00:16.1:   bridge window [mem 0xfcf00000-0xfcffffff]
Feb 10 08:51:25 ubuntu kernel: [    0.826312] pci 0000:00:16.1:   bridge window [mem 0xe7500000-0xe75fffff 64bit pref]
Feb 10 08:51:25 ubuntu kernel: [    0.826734] pci 0000:00:16.2: PCI bridge to [bus 0d]
Feb 10 08:51:25 ubuntu kernel: [    0.826760] pci 0000:00:16.2:   bridge window [io  0xd000-0xdfff]
Feb 10 08:51:25 ubuntu kernel: [    0.826786] pci 0000:00:16.2:   bridge window [mem 0xfcb00000-0xfcbfffff]
Feb 10 08:51:25 ubuntu kernel: [    0.826828] pci 0000:00:16.2:   bridge window [mem 0xe7100000-0xe71fffff 64bit pref]
Feb 10 08:51:25 ubuntu kernel: [    0.827237] pci 0000:00:16.3: PCI bridge to [bus 0e]
Feb 10 08:51:25 ubuntu kernel: [    0.827300] pci 0000:00:16.3:   bridge window [mem 0xfc700000-0xfc7fffff]
Feb 10 08:51:25 ubuntu kernel: [    0.827355] pci 0000:00:16.3:   bridge window [mem 0xe6d00000-0xe6dfffff 64bit pref]
Feb 10 08:51:25 ubuntu kernel: [    0.827813] pci 0000:00:16.4: PCI bridge to [bus 0f]
Feb 10 08:51:25 ubuntu kernel: [    0.827858] pci 0000:00:16.4:   bridge window [mem 0xfc300000-0xfc3fffff]
Feb 10 08:51:25 ubuntu kernel: [    0.827903] pci 0000:00:16.4:   bridge window [mem 0xe6900000-0xe69fffff 64bit pref]
Feb 10 08:51:25 ubuntu kernel: [    0.828286] pci 0000:00:16.5: PCI bridge to [bus 10]
Feb 10 08:51:25 ubuntu kernel: [    0.828332] pci 0000:00:16.5:   bridge window [mem 0xfbf00000-0xfbffffff]
Feb 10 08:51:25 ubuntu kernel: [    0.828378] pci 0000:00:16.5:   bridge window [mem 0xe6500000-0xe65fffff 64bit pref]
Feb 10 08:51:25 ubuntu kernel: [    0.828790] pci 0000:00:16.6: PCI bridge to [bus 11]
Feb 10 08:51:25 ubuntu kernel: [    0.828838] pci 0000:00:16.6:   bridge window [mem 0xfbb00000-0xfbbfffff]
Feb 10 08:51:25 ubuntu kernel: [    0.828893] pci 0000:00:16.6:   bridge window [mem 0xe6100000-0xe61fffff 64bit pref]
Feb 10 08:51:25 ubuntu kernel: [    0.829321] pci 0000:00:16.7: PCI bridge to [bus 12]
Feb 10 08:51:25 ubuntu kernel: [    0.829362] pci 0000:00:16.7:   bridge window [mem 0xfb700000-0xfb7fffff]
Feb 10 08:51:25 ubuntu kernel: [    0.829435] pci 0000:00:16.7:   bridge window [mem 0xe5d00000-0xe5dfffff 64bit pref]
Feb 10 08:51:25 ubuntu kernel: [    0.829900] pci 0000:00:17.0: PCI bridge to [bus 13]
Feb 10 08:51:25 ubuntu kernel: [    0.829934] pci 0000:00:17.0:   bridge window [io  0x6000-0x6fff]
Feb 10 08:51:25 ubuntu kernel: [    0.829967] pci 0000:00:17.0:   bridge window [mem 0xfd200000-0xfd2fffff]
Feb 10 08:51:25 ubuntu kernel: [    0.830026] pci 0000:00:17.0:   bridge window [mem 0xe7800000-0xe78fffff 64bit pref]
Feb 10 08:51:25 ubuntu kernel: [    0.830548] pci 0000:00:17.1: PCI bridge to [bus 14]
Feb 10 08:51:25 ubuntu kernel: [    0.830584] pci 0000:00:17.1:   bridge window [io  0xa000-0xafff]
Feb 10 08:51:25 ubuntu kernel: [    0.830616] pci 0000:00:17.1:   bridge window [mem 0xfce00000-0xfcefffff]
Feb 10 08:51:25 ubuntu kernel: [    0.830667] pci 0000:00:17.1:   bridge window [mem 0xe7400000-0xe74fffff 64bit pref]
Feb 10 08:51:25 ubuntu kernel: [    0.831160] pci 0000:00:17.2: PCI bridge to [bus 15]
Feb 10 08:51:25 ubuntu kernel: [    0.831194] pci 0000:00:17.2:   bridge window [io  0xe000-0xefff]
Feb 10 08:51:25 ubuntu kernel: [    0.831223] pci 0000:00:17.2:   bridge window [mem 0xfca00000-0xfcafffff]
Feb 10 08:51:25 ubuntu kernel: [    0.831285] pci 0000:00:17.2:   bridge window [mem 0xe7000000-0xe70fffff 64bit pref]
Feb 10 08:51:25 ubuntu kernel: [    0.832061] pci 0000:00:17.3: PCI bridge to [bus 16]
Feb 10 08:51:25 ubuntu kernel: [    0.832061] pci 0000:00:17.3:   bridge window [mem 0xfc600000-0xfc6fffff]
Feb 10 08:51:25 ubuntu kernel: [    0.832061] pci 0000:00:17.3:   bridge window [mem 0xe6c00000-0xe6cfffff 64bit pref]
Feb 10 08:51:25 ubuntu kernel: [    0.832422] pci 0000:00:17.4: PCI bridge to [bus 17]
Feb 10 08:51:25 ubuntu kernel: [    0.832467] pci 0000:00:17.4:   bridge window [mem 0xfc200000-0xfc2fffff]
Feb 10 08:51:25 ubuntu kernel: [    0.832525] pci 0000:00:17.4:   bridge window [mem 0xe6800000-0xe68fffff 64bit pref]
Feb 10 08:51:25 ubuntu kernel: [    0.833014] pci 0000:00:17.5: PCI bridge to [bus 18]
Feb 10 08:51:25 ubuntu kernel: [    0.833066] pci 0000:00:17.5:   bridge window [mem 0xfbe00000-0xfbefffff]
Feb 10 08:51:25 ubuntu kernel: [    0.833125] pci 0000:00:17.5:   bridge window [mem 0xe6400000-0xe64fffff 64bit pref]
Feb 10 08:51:25 ubuntu kernel: [    0.833629] pci 0000:00:17.6: PCI bridge to [bus 19]
Feb 10 08:51:25 ubuntu kernel: [    0.833692] pci 0000:00:17.6:   bridge window [mem 0xfba00000-0xfbafffff]
Feb 10 08:51:25 ubuntu kernel: [    0.833745] pci 0000:00:17.6:   bridge window [mem 0xe6000000-0xe60fffff 64bit pref]
Feb 10 08:51:25 ubuntu kernel: [    0.834245] pci 0000:00:17.7: PCI bridge to [bus 1a]
Feb 10 08:51:25 ubuntu kernel: [    0.834301] pci 0000:00:17.7:   bridge window [mem 0xfb600000-0xfb6fffff]
Feb 10 08:51:25 ubuntu kernel: [    0.834374] pci 0000:00:17.7:   bridge window [mem 0xe5c00000-0xe5cfffff 64bit pref]
Feb 10 08:51:25 ubuntu kernel: [    0.834834] pci 0000:00:18.0: PCI bridge to [bus 1b]
Feb 10 08:51:25 ubuntu kernel: [    0.834864] pci 0000:00:18.0:   bridge window [io  0x7000-0x7fff]
Feb 10 08:51:25 ubuntu kernel: [    0.834891] pci 0000:00:18.0:   bridge window [mem 0xfd100000-0xfd1fffff]
Feb 10 08:51:25 ubuntu kernel: [    0.834948] pci 0000:00:18.0:   bridge window [mem 0xe7700000-0xe77fffff 64bit pref]
Feb 10 08:51:25 ubuntu kernel: [    0.835462] pci 0000:00:18.1: PCI bridge to [bus 1c]
Feb 10 08:51:25 ubuntu kernel: [    0.835498] pci 0000:00:18.1:   bridge window [io  0xb000-0xbfff]
Feb 10 08:51:25 ubuntu kernel: [    0.835526] pci 0000:00:18.1:   bridge window [mem 0xfcd00000-0xfcdfffff]
Feb 10 08:51:25 ubuntu kernel: [    0.835568] pci 0000:00:18.1:   bridge window [mem 0xe7300000-0xe73fffff 64bit pref]
Feb 10 08:51:25 ubuntu kernel: [    0.835966] pci 0000:00:18.2: PCI bridge to [bus 1d]
Feb 10 08:51:25 ubuntu kernel: [    0.835966] pci 0000:00:18.2:   bridge window [mem 0xfc900000-0xfc9fffff]
Feb 10 08:51:25 ubuntu kernel: [    0.835966] pci 0000:00:18.2:   bridge window [mem 0xe6f00000-0xe6ffffff 64bit pref]
Feb 10 08:51:25 ubuntu kernel: [    0.835966] pci 0000:00:18.3: PCI bridge to [bus 1e]
Feb 10 08:51:25 ubuntu kernel: [    0.835966] pci 0000:00:18.3:   bridge window [mem 0xfc500000-0xfc5fffff]
Feb 10 08:51:25 ubuntu kernel: [    0.835966] pci 0000:00:18.3:   bridge window [mem 0xe6b00000-0xe6bfffff 64bit pref]
Feb 10 08:51:25 ubuntu kernel: [    0.835966] pci 0000:00:18.4: PCI bridge to [bus 1f]
Feb 10 08:51:25 ubuntu kernel: [    0.835966] pci 0000:00:18.4:   bridge window [mem 0xfc100000-0xfc1fffff]
Feb 10 08:51:25 ubuntu kernel: [    0.835966] pci 0000:00:18.4:   bridge window [mem 0xe6700000-0xe67fffff 64bit pref]
Feb 10 08:51:25 ubuntu kernel: [    0.835966] pci 0000:00:18.5: PCI bridge to [bus 20]
Feb 10 08:51:25 ubuntu kernel: [    0.835966] pci 0000:00:18.5:   bridge window [mem 0xfbd00000-0xfbdfffff]
Feb 10 08:51:25 ubuntu kernel: [    0.835966] pci 0000:00:18.5:   bridge window [mem 0xe6300000-0xe63fffff 64bit pref]
Feb 10 08:51:25 ubuntu kernel: [    0.835966] pci 0000:00:18.6: PCI bridge to [bus 21]
Feb 10 08:51:25 ubuntu kernel: [    0.835966] pci 0000:00:18.6:   bridge window [mem 0xfb900000-0xfb9fffff]
Feb 10 08:51:25 ubuntu kernel: [    0.835966] pci 0000:00:18.6:   bridge window [mem 0xe5f00000-0xe5ffffff 64bit pref]
Feb 10 08:51:25 ubuntu kernel: [    0.835966] pci 0000:00:18.7: PCI bridge to [bus 22]
Feb 10 08:51:25 ubuntu kernel: [    0.835966] pci 0000:00:18.7:   bridge window [mem 0xfb500000-0xfb5fffff]
Feb 10 08:51:25 ubuntu kernel: [    0.835966] pci 0000:00:18.7:   bridge window [mem 0xe5b00000-0xe5bfffff 64bit pref]
Feb 10 08:51:25 ubuntu kernel: [    0.836000] ACPI: PCI Interrupt Link [LNKA] (IRQs 3 4 5 6 7 *9 10 11 14 15)
Feb 10 08:51:25 ubuntu kernel: [    0.836000] ACPI: PCI Interrupt Link [LNKB] (IRQs 3 4 5 6 7 9 10 *11 14 15)
Feb 10 08:51:25 ubuntu kernel: [    0.836000] ACPI: PCI Interrupt Link [LNKC] (IRQs 3 4 5 6 7 9 *10 11 14 15)
Feb 10 08:51:25 ubuntu kernel: [    0.836000] ACPI: PCI Interrupt Link [LNKD] (IRQs 3 4 5 6 *7 9 10 11 14 15)
Feb 10 08:51:25 ubuntu kernel: [    0.934292] SCSI subsystem initialized
Feb 10 08:51:25 ubuntu kernel: [    0.934409] libata version 3.00 loaded.
Feb 10 08:51:25 ubuntu kernel: [    0.934409] pci 0000:00:0f.0: vgaarb: setting as boot VGA device
Feb 10 08:51:25 ubuntu kernel: [    0.934409] pci 0000:00:0f.0: vgaarb: VGA device added: decodes=io+mem,owns=io+mem,locks=none
Feb 10 08:51:25 ubuntu kernel: [    0.934409] pci 0000:00:0f.0: vgaarb: bridge control possible
Feb 10 08:51:25 ubuntu kernel: [    0.934409] vgaarb: loaded
Feb 10 08:51:25 ubuntu kernel: [    0.934409] ACPI: bus type USB registered
Feb 10 08:51:25 ubuntu kernel: [    0.934409] usbcore: registered new interface driver usbfs
Feb 10 08:51:25 ubuntu kernel: [    0.934409] usbcore: registered new interface driver hub
Feb 10 08:51:25 ubuntu kernel: [    0.934409] usbcore: registered new device driver usb
Feb 10 08:51:25 ubuntu kernel: [    0.934409] EDAC MC: Ver: 3.0.0
Feb 10 08:51:25 ubuntu kernel: [    0.937660] PCI: Using ACPI for IRQ routing
Feb 10 08:51:25 ubuntu kernel: [    0.969616] PCI: pci_cache_line_size set to 64 bytes
Feb 10 08:51:25 ubuntu kernel: [    0.970956] e820: reserve RAM buffer [mem 0x0009e800-0x0009ffff]
Feb 10 08:51:25 ubuntu kernel: [    0.970960] e820: reserve RAM buffer [mem 0xbfed0000-0xbfffffff]
Feb 10 08:51:25 ubuntu kernel: [    0.971182] NetLabel: Initializing
Feb 10 08:51:25 ubuntu kernel: [    0.971183] NetLabel:  domain hash size = 128
Feb 10 08:51:25 ubuntu kernel: [    0.971184] NetLabel:  protocols = UNLABELED CIPSOv4 CALIPSO
Feb 10 08:51:25 ubuntu kernel: [    0.971200] NetLabel:  unlabeled traffic allowed by default
Feb 10 08:51:25 ubuntu kernel: [    0.972108] hpet0: at MMIO 0xfed00000, IRQs 2, 8, 0, 0, 0, 0, 0, 0, 0, 0, 0, 0, 0, 0, 0, 0
Feb 10 08:51:25 ubuntu kernel: [    0.972112] hpet0: 16 comparators, 64-bit 14.318180 MHz counter
Feb 10 08:51:25 ubuntu kernel: [    0.975422] clocksource: Switched to clocksource hpet
Feb 10 08:51:25 ubuntu kernel: [    0.993514] VFS: Disk quotas dquot_6.6.0
Feb 10 08:51:25 ubuntu kernel: [    0.993566] VFS: Dquot-cache hash table entries: 512 (order 0, 4096 bytes)
Feb 10 08:51:25 ubuntu kernel: [    0.993793] AppArmor: AppArmor Filesystem Enabled
Feb 10 08:51:25 ubuntu kernel: [    0.993835] pnp: PnP ACPI init
Feb 10 08:51:25 ubuntu kernel: [    0.994233] system 00:00: [io  0x1000-0x103f] has been reserved
Feb 10 08:51:25 ubuntu kernel: [    0.994236] system 00:00: [io  0x1040-0x104f] has been reserved
Feb 10 08:51:25 ubuntu kernel: [    0.994239] system 00:00: [io  0x0cf0-0x0cf1] has been reserved
Feb 10 08:51:25 ubuntu kernel: [    0.994246] system 00:00: Plug and Play ACPI device, IDs PNP0c02 (active)
Feb 10 08:51:25 ubuntu kernel: [    0.994299] pnp 00:01: Plug and Play ACPI device, IDs PNP0b00 (active)
Feb 10 08:51:25 ubuntu kernel: [    0.994344] pnp 00:02: Plug and Play ACPI device, IDs PNP0303 (active)
Feb 10 08:51:25 ubuntu kernel: [    0.994377] pnp 00:03: Plug and Play ACPI device, IDs VMW0003 PNP0f13 (active)
Feb 10 08:51:25 ubuntu kernel: [    0.994887] system 00:04: [mem 0xfed00000-0xfed003ff] has been reserved
Feb 10 08:51:25 ubuntu kernel: [    0.994897] system 00:04: Plug and Play ACPI device, IDs PNP0103 PNP0c01 (active)
Feb 10 08:51:25 ubuntu kernel: [    0.999263] pnp 00:05: Plug and Play ACPI device, IDs PNP0501 (active)
Feb 10 08:51:25 ubuntu kernel: [    0.999936] pnp 00:06: [dma 2]
Feb 10 08:51:25 ubuntu kernel: [    1.000022] pnp 00:06: Plug and Play ACPI device, IDs PNP0700 (active)
Feb 10 08:51:25 ubuntu kernel: [    1.001906] system 00:07: [io  0xfce0-0xfcff] has been reserved
Feb 10 08:51:25 ubuntu kernel: [    1.001911] system 00:07: [mem 0xf0000000-0xf7ffffff] has been reserved
Feb 10 08:51:25 ubuntu kernel: [    1.002075] system 00:07: [mem 0xfe800000-0xfe9fffff] has been reserved
Feb 10 08:51:25 ubuntu kernel: [    1.002088] system 00:07: Plug and Play ACPI device, IDs PNP0c02 (active)
Feb 10 08:51:25 ubuntu kernel: [    1.099907] pnp: PnP ACPI: found 8 devices
Feb 10 08:51:25 ubuntu kernel: [    1.117823] clocksource: acpi_pm: mask: 0xffffff max_cycles: 0xffffff, max_idle_ns: 2085701024 ns
Feb 10 08:51:25 ubuntu kernel: [    1.118303] pci 0000:00:15.3: bridge window [io  0x1000-0x0fff] to [bus 06] add_size 1000
Feb 10 08:51:25 ubuntu kernel: [    1.118394] pci 0000:00:15.4: bridge window [io  0x1000-0x0fff] to [bus 07] add_size 1000
Feb 10 08:51:25 ubuntu kernel: [    1.118477] pci 0000:00:15.5: bridge window [io  0x1000-0x0fff] to [bus 08] add_size 1000
Feb 10 08:51:25 ubuntu kernel: [    1.118560] pci 0000:00:15.6: bridge window [io  0x1000-0x0fff] to [bus 09] add_size 1000
Feb 10 08:51:25 ubuntu kernel: [    1.118666] pci 0000:00:15.7: bridge window [io  0x1000-0x0fff] to [bus 0a] add_size 1000
Feb 10 08:51:25 ubuntu kernel: [    1.119002] pci 0000:00:16.3: bridge window [io  0x1000-0x0fff] to [bus 0e] add_size 1000
Feb 10 08:51:25 ubuntu kernel: [    1.119088] pci 0000:00:16.4: bridge window [io  0x1000-0x0fff] to [bus 0f] add_size 1000
Feb 10 08:51:25 ubuntu kernel: [    1.119175] pci 0000:00:16.5: bridge window [io  0x1000-0x0fff] to [bus 10] add_size 1000
Feb 10 08:51:25 ubuntu kernel: [    1.119261] pci 0000:00:16.6: bridge window [io  0x1000-0x0fff] to [bus 11] add_size 1000
Feb 10 08:51:25 ubuntu kernel: [    1.119352] pci 0000:00:16.7: bridge window [io  0x1000-0x0fff] to [bus 12] add_size 1000
Feb 10 08:51:25 ubuntu kernel: [    1.119695] pci 0000:00:17.3: bridge window [io  0x1000-0x0fff] to [bus 16] add_size 1000
Feb 10 08:51:25 ubuntu kernel: [    1.119781] pci 0000:00:17.4: bridge window [io  0x1000-0x0fff] to [bus 17] add_size 1000
Feb 10 08:51:25 ubuntu kernel: [    1.119862] pci 0000:00:17.5: bridge window [io  0x1000-0x0fff] to [bus 18] add_size 1000
Feb 10 08:51:25 ubuntu kernel: [    1.119952] pci 0000:00:17.6: bridge window [io  0x1000-0x0fff] to [bus 19] add_size 1000
Feb 10 08:51:25 ubuntu kernel: [    1.120067] pci 0000:00:17.7: bridge window [io  0x1000-0x0fff] to [bus 1a] add_size 1000
Feb 10 08:51:25 ubuntu kernel: [    1.120317] pci 0000:00:18.2: bridge window [io  0x1000-0x0fff] to [bus 1d] add_size 1000
Feb 10 08:51:25 ubuntu kernel: [    1.120407] pci 0000:00:18.3: bridge window [io  0x1000-0x0fff] to [bus 1e] add_size 1000
Feb 10 08:51:25 ubuntu kernel: [    1.120498] pci 0000:00:18.4: bridge window [io  0x1000-0x0fff] to [bus 1f] add_size 1000
Feb 10 08:51:25 ubuntu kernel: [    1.120587] pci 0000:00:18.5: bridge window [io  0x1000-0x0fff] to [bus 20] add_size 1000
Feb 10 08:51:25 ubuntu kernel: [    1.120686] pci 0000:00:18.6: bridge window [io  0x1000-0x0fff] to [bus 21] add_size 1000
Feb 10 08:51:25 ubuntu kernel: [    1.120774] pci 0000:00:18.7: bridge window [io  0x1000-0x0fff] to [bus 22] add_size 1000
Feb 10 08:51:25 ubuntu kernel: [    1.120809] pci 0000:00:0f.0: BAR 6: assigned [mem 0xc0000000-0xc0007fff pref]
Feb 10 08:51:25 ubuntu kernel: [    1.120813] pci 0000:00:10.0: BAR 6: assigned [mem 0xc0008000-0xc000bfff pref]
Feb 10 08:51:25 ubuntu kernel: [    1.120819] pci 0000:00:15.3: BAR 13: no space for [io  size 0x1000]
Feb 10 08:51:25 ubuntu kernel: [    1.120821] pci 0000:00:15.3: BAR 13: failed to assign [io  size 0x1000]
Feb 10 08:51:25 ubuntu kernel: [    1.120824] pci 0000:00:15.4: BAR 13: no space for [io  size 0x1000]
Feb 10 08:51:25 ubuntu kernel: [    1.120826] pci 0000:00:15.4: BAR 13: failed to assign [io  size 0x1000]
Feb 10 08:51:25 ubuntu kernel: [    1.120830] pci 0000:00:15.5: BAR 13: no space for [io  size 0x1000]
Feb 10 08:51:25 ubuntu kernel: [    1.120832] pci 0000:00:15.5: BAR 13: failed to assign [io  size 0x1000]
Feb 10 08:51:25 ubuntu kernel: [    1.120835] pci 0000:00:15.6: BAR 13: no space for [io  size 0x1000]
Feb 10 08:51:25 ubuntu kernel: [    1.120836] pci 0000:00:15.6: BAR 13: failed to assign [io  size 0x1000]
Feb 10 08:51:25 ubuntu kernel: [    1.120842] pci 0000:00:15.7: BAR 13: no space for [io  size 0x1000]
Feb 10 08:51:25 ubuntu kernel: [    1.120844] pci 0000:00:15.7: BAR 13: failed to assign [io  size 0x1000]
Feb 10 08:51:25 ubuntu kernel: [    1.120852] pci 0000:00:16.3: BAR 13: no space for [io  size 0x1000]
Feb 10 08:51:25 ubuntu kernel: [    1.120853] pci 0000:00:16.3: BAR 13: failed to assign [io  size 0x1000]
Feb 10 08:51:25 ubuntu kernel: [    1.120856] pci 0000:00:16.4: BAR 13: no space for [io  size 0x1000]
Feb 10 08:51:25 ubuntu kernel: [    1.120857] pci 0000:00:16.4: BAR 13: failed to assign [io  size 0x1000]
Feb 10 08:51:25 ubuntu kernel: [    1.120860] pci 0000:00:16.5: BAR 13: no space for [io  size 0x1000]
Feb 10 08:51:25 ubuntu kernel: [    1.120862] pci 0000:00:16.5: BAR 13: failed to assign [io  size 0x1000]
Feb 10 08:51:25 ubuntu kernel: [    1.120864] pci 0000:00:16.6: BAR 13: no space for [io  size 0x1000]
Feb 10 08:51:25 ubuntu kernel: [    1.120866] pci 0000:00:16.6: BAR 13: failed to assign [io  size 0x1000]
Feb 10 08:51:25 ubuntu kernel: [    1.120871] pci 0000:00:16.7: BAR 13: no space for [io  size 0x1000]
Feb 10 08:51:25 ubuntu kernel: [    1.120872] pci 0000:00:16.7: BAR 13: failed to assign [io  size 0x1000]
Feb 10 08:51:25 ubuntu kernel: [    1.120876] pci 0000:00:17.3: BAR 13: no space for [io  size 0x1000]
Feb 10 08:51:25 ubuntu kernel: [    1.120877] pci 0000:00:17.3: BAR 13: failed to assign [io  size 0x1000]
Feb 10 08:51:25 ubuntu kernel: [    1.120880] pci 0000:00:17.4: BAR 13: no space for [io  size 0x1000]
Feb 10 08:51:25 ubuntu kernel: [    1.120882] pci 0000:00:17.4: BAR 13: failed to assign [io  size 0x1000]
Feb 10 08:51:25 ubuntu kernel: [    1.120884] pci 0000:00:17.5: BAR 13: no space for [io  size 0x1000]
Feb 10 08:51:25 ubuntu kernel: [    1.120886] pci 0000:00:17.5: BAR 13: failed to assign [io  size 0x1000]
Feb 10 08:51:25 ubuntu kernel: [    1.120888] pci 0000:00:17.6: BAR 13: no space for [io  size 0x1000]
Feb 10 08:51:25 ubuntu kernel: [    1.120890] pci 0000:00:17.6: BAR 13: failed to assign [io  size 0x1000]
Feb 10 08:51:25 ubuntu kernel: [    1.120892] pci 0000:00:17.7: BAR 13: no space for [io  size 0x1000]
Feb 10 08:51:25 ubuntu kernel: [    1.120894] pci 0000:00:17.7: BAR 13: failed to assign [io  size 0x1000]
Feb 10 08:51:25 ubuntu kernel: [    1.120896] pci 0000:00:18.2: BAR 13: no space for [io  size 0x1000]
Feb 10 08:51:25 ubuntu kernel: [    1.120898] pci 0000:00:18.2: BAR 13: failed to assign [io  size 0x1000]
Feb 10 08:51:25 ubuntu kernel: [    1.120901] pci 0000:00:18.3: BAR 13: no space for [io  size 0x1000]
Feb 10 08:51:25 ubuntu kernel: [    1.120902] pci 0000:00:18.3: BAR 13: failed to assign [io  size 0x1000]
Feb 10 08:51:25 ubuntu kernel: [    1.120905] pci 0000:00:18.4: BAR 13: no space for [io  size 0x1000]
Feb 10 08:51:25 ubuntu kernel: [    1.120906] pci 0000:00:18.4: BAR 13: failed to assign [io  size 0x1000]
Feb 10 08:51:25 ubuntu kernel: [    1.120908] pci 0000:00:18.5: BAR 13: no space for [io  size 0x1000]
Feb 10 08:51:25 ubuntu kernel: [    1.120910] pci 0000:00:18.5: BAR 13: failed to assign [io  size 0x1000]
Feb 10 08:51:25 ubuntu kernel: [    1.120913] pci 0000:00:18.6: BAR 13: no space for [io  size 0x1000]
Feb 10 08:51:25 ubuntu kernel: [    1.120914] pci 0000:00:18.6: BAR 13: failed to assign [io  size 0x1000]
Feb 10 08:51:25 ubuntu kernel: [    1.120917] pci 0000:00:18.7: BAR 13: no space for [io  size 0x1000]
Feb 10 08:51:25 ubuntu kernel: [    1.120918] pci 0000:00:18.7: BAR 13: failed to assign [io  size 0x1000]
Feb 10 08:51:25 ubuntu kernel: [    1.120926] pci 0000:00:18.7: BAR 13: no space for [io  size 0x1000]
Feb 10 08:51:25 ubuntu kernel: [    1.120928] pci 0000:00:18.7: BAR 13: failed to assign [io  size 0x1000]
Feb 10 08:51:25 ubuntu kernel: [    1.120932] pci 0000:00:18.6: BAR 13: no space for [io  size 0x1000]
Feb 10 08:51:25 ubuntu kernel: [    1.120933] pci 0000:00:18.6: BAR 13: failed to assign [io  size 0x1000]
Feb 10 08:51:25 ubuntu kernel: [    1.120937] pci 0000:00:18.5: BAR 13: no space for [io  size 0x1000]
Feb 10 08:51:25 ubuntu kernel: [    1.120939] pci 0000:00:18.5: BAR 13: failed to assign [io  size 0x1000]
Feb 10 08:51:25 ubuntu kernel: [    1.120942] pci 0000:00:18.4: BAR 13: no space for [io  size 0x1000]
Feb 10 08:51:25 ubuntu kernel: [    1.120944] pci 0000:00:18.4: BAR 13: failed to assign [io  size 0x1000]
Feb 10 08:51:25 ubuntu kernel: [    1.120946] pci 0000:00:18.3: BAR 13: no space for [io  size 0x1000]
Feb 10 08:51:25 ubuntu kernel: [    1.120947] pci 0000:00:18.3: BAR 13: failed to assign [io  size 0x1000]
Feb 10 08:51:25 ubuntu kernel: [    1.120950] pci 0000:00:18.2: BAR 13: no space for [io  size 0x1000]
Feb 10 08:51:25 ubuntu kernel: [    1.120952] pci 0000:00:18.2: BAR 13: failed to assign [io  size 0x1000]
Feb 10 08:51:25 ubuntu kernel: [    1.120954] pci 0000:00:17.7: BAR 13: no space for [io  size 0x1000]
Feb 10 08:51:25 ubuntu kernel: [    1.120956] pci 0000:00:17.7: BAR 13: failed to assign [io  size 0x1000]
Feb 10 08:51:25 ubuntu kernel: [    1.120959] pci 0000:00:17.6: BAR 13: no space for [io  size 0x1000]
Feb 10 08:51:25 ubuntu kernel: [    1.120960] pci 0000:00:17.6: BAR 13: failed to assign [io  size 0x1000]
Feb 10 08:51:25 ubuntu kernel: [    1.120963] pci 0000:00:17.5: BAR 13: no space for [io  size 0x1000]
Feb 10 08:51:25 ubuntu kernel: [    1.120964] pci 0000:00:17.5: BAR 13: failed to assign [io  size 0x1000]
Feb 10 08:51:25 ubuntu kernel: [    1.120967] pci 0000:00:17.4: BAR 13: no space for [io  size 0x1000]
Feb 10 08:51:25 ubuntu kernel: [    1.120968] pci 0000:00:17.4: BAR 13: failed to assign [io  size 0x1000]
Feb 10 08:51:25 ubuntu kernel: [    1.120971] pci 0000:00:17.3: BAR 13: no space for [io  size 0x1000]
Feb 10 08:51:25 ubuntu kernel: [    1.120972] pci 0000:00:17.3: BAR 13: failed to assign [io  size 0x1000]
Feb 10 08:51:25 ubuntu kernel: [    1.120975] pci 0000:00:16.7: BAR 13: no space for [io  size 0x1000]
Feb 10 08:51:25 ubuntu kernel: [    1.120976] pci 0000:00:16.7: BAR 13: failed to assign [io  size 0x1000]
Feb 10 08:51:25 ubuntu kernel: [    1.120979] pci 0000:00:16.6: BAR 13: no space for [io  size 0x1000]
Feb 10 08:51:25 ubuntu kernel: [    1.120980] pci 0000:00:16.6: BAR 13: failed to assign [io  size 0x1000]
Feb 10 08:51:25 ubuntu kernel: [    1.120983] pci 0000:00:16.5: BAR 13: no space for [io  size 0x1000]
Feb 10 08:51:25 ubuntu kernel: [    1.120985] pci 0000:00:16.5: BAR 13: failed to assign [io  size 0x1000]
Feb 10 08:51:25 ubuntu kernel: [    1.120987] pci 0000:00:16.4: BAR 13: no space for [io  size 0x1000]
Feb 10 08:51:25 ubuntu kernel: [    1.120988] pci 0000:00:16.4: BAR 13: failed to assign [io  size 0x1000]
Feb 10 08:51:25 ubuntu kernel: [    1.120991] pci 0000:00:16.3: BAR 13: no space for [io  size 0x1000]
Feb 10 08:51:25 ubuntu kernel: [    1.120992] pci 0000:00:16.3: BAR 13: failed to assign [io  size 0x1000]
Feb 10 08:51:25 ubuntu kernel: [    1.120998] pci 0000:00:15.7: BAR 13: no space for [io  size 0x1000]
Feb 10 08:51:25 ubuntu kernel: [    1.121000] pci 0000:00:15.7: BAR 13: failed to assign [io  size 0x1000]
Feb 10 08:51:25 ubuntu kernel: [    1.121003] pci 0000:00:15.6: BAR 13: no space for [io  size 0x1000]
Feb 10 08:51:25 ubuntu kernel: [    1.121005] pci 0000:00:15.6: BAR 13: failed to assign [io  size 0x1000]
Feb 10 08:51:25 ubuntu kernel: [    1.121008] pci 0000:00:15.5: BAR 13: no space for [io  size 0x1000]
Feb 10 08:51:25 ubuntu kernel: [    1.121010] pci 0000:00:15.5: BAR 13: failed to assign [io  size 0x1000]
Feb 10 08:51:25 ubuntu kernel: [    1.121013] pci 0000:00:15.4: BAR 13: no space for [io  size 0x1000]
Feb 10 08:51:25 ubuntu kernel: [    1.121014] pci 0000:00:15.4: BAR 13: failed to assign [io  size 0x1000]
Feb 10 08:51:25 ubuntu kernel: [    1.121017] pci 0000:00:15.3: BAR 13: no space for [io  size 0x1000]
Feb 10 08:51:25 ubuntu kernel: [    1.121019] pci 0000:00:15.3: BAR 13: failed to assign [io  size 0x1000]
Feb 10 08:51:25 ubuntu kernel: [    1.121022] pci 0000:00:01.0: PCI bridge to [bus 01]
Feb 10 08:51:25 ubuntu kernel: [    1.121168] pci 0000:02:01.0: BAR 6: assigned [mem 0xfd500000-0xfd50ffff pref]
Feb 10 08:51:25 ubuntu kernel: [    1.121170] pci 0000:02:05.0: BAR 6: assigned [mem 0xfd510000-0xfd51ffff pref]
Feb 10 08:51:25 ubuntu kernel: [    1.121173] pci 0000:00:11.0: PCI bridge to [bus 02]
Feb 10 08:51:25 ubuntu kernel: [    1.121189] pci 0000:00:11.0:   bridge window [io  0x2000-0x3fff]
Feb 10 08:51:25 ubuntu kernel: [    1.121245] pci 0000:00:11.0:   bridge window [mem 0xfd500000-0xfdffffff]
Feb 10 08:51:25 ubuntu kernel: [    1.121269] pci 0000:00:11.0:   bridge window [mem 0xe7b00000-0xe7ffffff 64bit pref]
Feb 10 08:51:25 ubuntu kernel: [    1.121314] pci 0000:00:15.0: PCI bridge to [bus 03]
Feb 10 08:51:25 ubuntu kernel: [    1.121326] pci 0000:00:15.0:   bridge window [io  0x4000-0x4fff]
Feb 10 08:51:25 ubuntu kernel: [    1.121361] pci 0000:00:15.0:   bridge window [mem 0xfd400000-0xfd4fffff]
Feb 10 08:51:25 ubuntu kernel: [    1.121383] pci 0000:00:15.0:   bridge window [mem 0xe7a00000-0xe7afffff 64bit pref]
Feb 10 08:51:25 ubuntu kernel: [    1.121463] pci 0000:00:15.1: PCI bridge to [bus 04]
Feb 10 08:51:25 ubuntu kernel: [    1.121476] pci 0000:00:15.1:   bridge window [io  0x8000-0x8fff]
Feb 10 08:51:25 ubuntu kernel: [    1.121511] pci 0000:00:15.1:   bridge window [mem 0xfd000000-0xfd0fffff]
Feb 10 08:51:25 ubuntu kernel: [    1.121534] pci 0000:00:15.1:   bridge window [mem 0xe7600000-0xe76fffff 64bit pref]
Feb 10 08:51:25 ubuntu kernel: [    1.121594] pci 0000:00:15.2: PCI bridge to [bus 05]
Feb 10 08:51:25 ubuntu kernel: [    1.121607] pci 0000:00:15.2:   bridge window [io  0xc000-0xcfff]
Feb 10 08:51:25 ubuntu kernel: [    1.121663] pci 0000:00:15.2:   bridge window [mem 0xfcc00000-0xfccfffff]
Feb 10 08:51:25 ubuntu kernel: [    1.121687] pci 0000:00:15.2:   bridge window [mem 0xe7200000-0xe72fffff 64bit pref]
Feb 10 08:51:25 ubuntu kernel: [    1.121755] pci 0000:00:15.3: PCI bridge to [bus 06]
Feb 10 08:51:25 ubuntu kernel: [    1.121795] pci 0000:00:15.3:   bridge window [mem 0xfc800000-0xfc8fffff]
Feb 10 08:51:25 ubuntu kernel: [    1.121817] pci 0000:00:15.3:   bridge window [mem 0xe6e00000-0xe6efffff 64bit pref]
Feb 10 08:51:25 ubuntu kernel: [    1.121889] pci 0000:00:15.4: PCI bridge to [bus 07]
Feb 10 08:51:25 ubuntu kernel: [    1.121925] pci 0000:00:15.4:   bridge window [mem 0xfc400000-0xfc4fffff]
Feb 10 08:51:25 ubuntu kernel: [    1.121950] pci 0000:00:15.4:   bridge window [mem 0xe6a00000-0xe6afffff 64bit pref]
Feb 10 08:51:25 ubuntu kernel: [    1.122020] pci 0000:00:15.5: PCI bridge to [bus 08]
Feb 10 08:51:25 ubuntu kernel: [    1.122055] pci 0000:00:15.5:   bridge window [mem 0xfc000000-0xfc0fffff]
Feb 10 08:51:25 ubuntu kernel: [    1.122086] pci 0000:00:15.5:   bridge window [mem 0xe6600000-0xe66fffff 64bit pref]
Feb 10 08:51:25 ubuntu kernel: [    1.122147] pci 0000:00:15.6: PCI bridge to [bus 09]
Feb 10 08:51:25 ubuntu kernel: [    1.122191] pci 0000:00:15.6:   bridge window [mem 0xfbc00000-0xfbcfffff]
Feb 10 08:51:25 ubuntu kernel: [    1.122217] pci 0000:00:15.6:   bridge window [mem 0xe6200000-0xe62fffff 64bit pref]
Feb 10 08:51:25 ubuntu kernel: [    1.122281] pci 0000:00:15.7: PCI bridge to [bus 0a]
Feb 10 08:51:25 ubuntu kernel: [    1.122322] pci 0000:00:15.7:   bridge window [mem 0xfb800000-0xfb8fffff]
Feb 10 08:51:25 ubuntu kernel: [    1.122345] pci 0000:00:15.7:   bridge window [mem 0xe5e00000-0xe5efffff 64bit pref]
Feb 10 08:51:25 ubuntu kernel: [    1.122417] pci 0000:00:16.0: PCI bridge to [bus 0b]
Feb 10 08:51:25 ubuntu kernel: [    1.122433] pci 0000:00:16.0:   bridge window [io  0x5000-0x5fff]
Feb 10 08:51:25 ubuntu kernel: [    1.122466] pci 0000:00:16.0:   bridge window [mem 0xfd300000-0xfd3fffff]
Feb 10 08:51:25 ubuntu kernel: [    1.122487] pci 0000:00:16.0:   bridge window [mem 0xe7900000-0xe79fffff 64bit pref]
Feb 10 08:51:25 ubuntu kernel: [    1.122556] pci 0000:00:16.1: PCI bridge to [bus 0c]
Feb 10 08:51:25 ubuntu kernel: [    1.122570] pci 0000:00:16.1:   bridge window [io  0x9000-0x9fff]
Feb 10 08:51:25 ubuntu kernel: [    1.122606] pci 0000:00:16.1:   bridge window [mem 0xfcf00000-0xfcffffff]
Feb 10 08:51:25 ubuntu kernel: [    1.122633] pci 0000:00:16.1:   bridge window [mem 0xe7500000-0xe75fffff 64bit pref]
Feb 10 08:51:25 ubuntu kernel: [    1.122711] pci 0000:00:16.2: PCI bridge to [bus 0d]
Feb 10 08:51:25 ubuntu kernel: [    1.122724] pci 0000:00:16.2:   bridge window [io  0xd000-0xdfff]
Feb 10 08:51:25 ubuntu kernel: [    1.122766] pci 0000:00:16.2:   bridge window [mem 0xfcb00000-0xfcbfffff]
Feb 10 08:51:25 ubuntu kernel: [    1.122793] pci 0000:00:16.2:   bridge window [mem 0xe7100000-0xe71fffff 64bit pref]
Feb 10 08:51:25 ubuntu kernel: [    1.122874] pci 0000:00:16.3: PCI bridge to [bus 0e]
Feb 10 08:51:25 ubuntu kernel: [    1.122919] pci 0000:00:16.3:   bridge window [mem 0xfc700000-0xfc7fffff]
Feb 10 08:51:25 ubuntu kernel: [    1.122952] pci 0000:00:16.3:   bridge window [mem 0xe6d00000-0xe6dfffff 64bit pref]
Feb 10 08:51:25 ubuntu kernel: [    1.123028] pci 0000:00:16.4: PCI bridge to [bus 0f]
Feb 10 08:51:25 ubuntu kernel: [    1.123078] pci 0000:00:16.4:   bridge window [mem 0xfc300000-0xfc3fffff]
Feb 10 08:51:25 ubuntu kernel: [    1.123106] pci 0000:00:16.4:   bridge window [mem 0xe6900000-0xe69fffff 64bit pref]
Feb 10 08:51:25 ubuntu kernel: [    1.123187] pci 0000:00:16.5: PCI bridge to [bus 10]
Feb 10 08:51:25 ubuntu kernel: [    1.123233] pci 0000:00:16.5:   bridge window [mem 0xfbf00000-0xfbffffff]
Feb 10 08:51:25 ubuntu kernel: [    1.123268] pci 0000:00:16.5:   bridge window [mem 0xe6500000-0xe65fffff 64bit pref]
Feb 10 08:51:25 ubuntu kernel: [    1.123343] pci 0000:00:16.6: PCI bridge to [bus 11]
Feb 10 08:51:25 ubuntu kernel: [    1.123392] pci 0000:00:16.6:   bridge window [mem 0xfbb00000-0xfbbfffff]
Feb 10 08:51:25 ubuntu kernel: [    1.123419] pci 0000:00:16.6:   bridge window [mem 0xe6100000-0xe61fffff 64bit pref]
